Archive member included because of file (symbol)

C:\Users\Guitarman\Dropbox\Finale jaar projek\Nucleo_read_analog_value_coide_nucleo_f334r8\Nucleo_read_analog_value/mbed/TARGET_NUCLEO_F334R8/TOOLCHAIN_GCC_ARM\libmbed.a(analogout_api.o)
                              ..\obj\main.o (analogout_init)
C:\Users\Guitarman\Dropbox\Finale jaar projek\Nucleo_read_analog_value_coide_nucleo_f334r8\Nucleo_read_analog_value/mbed/TARGET_NUCLEO_F334R8/TOOLCHAIN_GCC_ARM\libmbed.a(pinmap.o)
                              C:\Users\Guitarman\Dropbox\Finale jaar projek\Nucleo_read_analog_value_coide_nucleo_f334r8\Nucleo_read_analog_value/mbed/TARGET_NUCLEO_F334R8/TOOLCHAIN_GCC_ARM\libmbed.a(analogout_api.o) (pin_function)
C:\Users\Guitarman\Dropbox\Finale jaar projek\Nucleo_read_analog_value_coide_nucleo_f334r8\Nucleo_read_analog_value/mbed/TARGET_NUCLEO_F334R8/TOOLCHAIN_GCC_ARM\libmbed.a(serial_api.o)
                              C:\Users\Guitarman\Dropbox\Finale jaar projek\Nucleo_read_analog_value_coide_nucleo_f334r8\Nucleo_read_analog_value/mbed/TARGET_NUCLEO_F334R8/TOOLCHAIN_GCC_ARM/retarget.o (serial_init)
C:\Users\Guitarman\Dropbox\Finale jaar projek\Nucleo_read_analog_value_coide_nucleo_f334r8\Nucleo_read_analog_value/mbed/TARGET_NUCLEO_F334R8/TOOLCHAIN_GCC_ARM\libmbed.a(FilePath.o)
                              C:\Users\Guitarman\Dropbox\Finale jaar projek\Nucleo_read_analog_value_coide_nucleo_f334r8\Nucleo_read_analog_value/mbed/TARGET_NUCLEO_F334R8/TOOLCHAIN_GCC_ARM/retarget.o (mbed::FilePath::FilePath(char const*))
C:\Users\Guitarman\Dropbox\Finale jaar projek\Nucleo_read_analog_value_coide_nucleo_f334r8\Nucleo_read_analog_value/mbed/TARGET_NUCLEO_F334R8/TOOLCHAIN_GCC_ARM\libmbed.a(FileSystemLike.o)
                              C:\Users\Guitarman\Dropbox\Finale jaar projek\Nucleo_read_analog_value_coide_nucleo_f334r8\Nucleo_read_analog_value/mbed/TARGET_NUCLEO_F334R8/TOOLCHAIN_GCC_ARM/retarget.o (mbed::FileSystemLike::opendir())
C:\Users\Guitarman\Dropbox\Finale jaar projek\Nucleo_read_analog_value_coide_nucleo_f334r8\Nucleo_read_analog_value/mbed/TARGET_NUCLEO_F334R8/TOOLCHAIN_GCC_ARM\libmbed.a(SPI.o)
                              ..\obj\NOKIA_5110.o (mbed::SPI::SPI(PinName, PinName, PinName, PinName))
C:\Users\Guitarman\Dropbox\Finale jaar projek\Nucleo_read_analog_value_coide_nucleo_f334r8\Nucleo_read_analog_value/mbed/TARGET_NUCLEO_F334R8/TOOLCHAIN_GCC_ARM\libmbed.a(Serial.o)
                              ..\obj\main.o (mbed::Serial::Serial(PinName, PinName, char const*))
C:\Users\Guitarman\Dropbox\Finale jaar projek\Nucleo_read_analog_value_coide_nucleo_f334r8\Nucleo_read_analog_value/mbed/TARGET_NUCLEO_F334R8/TOOLCHAIN_GCC_ARM\libmbed.a(SerialBase.o)
                              C:\Users\Guitarman\Dropbox\Finale jaar projek\Nucleo_read_analog_value_coide_nucleo_f334r8\Nucleo_read_analog_value/mbed/TARGET_NUCLEO_F334R8/TOOLCHAIN_GCC_ARM\libmbed.a(Serial.o) (mbed::SerialBase::SerialBase(PinName, PinName))
C:\Users\Guitarman\Dropbox\Finale jaar projek\Nucleo_read_analog_value_coide_nucleo_f334r8\Nucleo_read_analog_value/mbed/TARGET_NUCLEO_F334R8/TOOLCHAIN_GCC_ARM\libmbed.a(Stream.o)
                              C:\Users\Guitarman\Dropbox\Finale jaar projek\Nucleo_read_analog_value_coide_nucleo_f334r8\Nucleo_read_analog_value/mbed/TARGET_NUCLEO_F334R8/TOOLCHAIN_GCC_ARM\libmbed.a(Serial.o) (mbed::Stream::close())
C:\Users\Guitarman\Dropbox\Finale jaar projek\Nucleo_read_analog_value_coide_nucleo_f334r8\Nucleo_read_analog_value/mbed/TARGET_NUCLEO_F334R8/TOOLCHAIN_GCC_ARM\libmbed.a(assert.o)
                              ..\obj\main.o (mbed_assert_internal)
C:\Users\Guitarman\Dropbox\Finale jaar projek\Nucleo_read_analog_value_coide_nucleo_f334r8\Nucleo_read_analog_value/mbed/TARGET_NUCLEO_F334R8/TOOLCHAIN_GCC_ARM\libmbed.a(error.o)
                              C:\Users\Guitarman\Dropbox\Finale jaar projek\Nucleo_read_analog_value_coide_nucleo_f334r8\Nucleo_read_analog_value/mbed/TARGET_NUCLEO_F334R8/TOOLCHAIN_GCC_ARM/retarget.o (error)
C:\Users\Guitarman\Dropbox\Finale jaar projek\Nucleo_read_analog_value_coide_nucleo_f334r8\Nucleo_read_analog_value/mbed/TARGET_NUCLEO_F334R8/TOOLCHAIN_GCC_ARM\libmbed.a(gpio.o)
                              ..\obj\main.o (gpio_init_in_ex)
C:\Users\Guitarman\Dropbox\Finale jaar projek\Nucleo_read_analog_value_coide_nucleo_f334r8\Nucleo_read_analog_value/mbed/TARGET_NUCLEO_F334R8/TOOLCHAIN_GCC_ARM\libmbed.a(pinmap_common.o)
                              C:\Users\Guitarman\Dropbox\Finale jaar projek\Nucleo_read_analog_value_coide_nucleo_f334r8\Nucleo_read_analog_value/mbed/TARGET_NUCLEO_F334R8/TOOLCHAIN_GCC_ARM\libmbed.a(analogout_api.o) (pinmap_pinout)
C:\Users\Guitarman\Dropbox\Finale jaar projek\Nucleo_read_analog_value_coide_nucleo_f334r8\Nucleo_read_analog_value/mbed/TARGET_NUCLEO_F334R8/TOOLCHAIN_GCC_ARM\libmbed.a(us_ticker_api.o)
[...]
Memory Configuration

Name             Origin             Length             Attributes
FLASH            0x08000000         0x00010000         xr
CCMRAM           0x10000000         0x00001000         rw
RAM              0x20000188         0x00002e78         xrw
*default*        0x00000000         0xffffffff

Linker script and memory map

LOAD c:/program files (x86)/gnu tools arm embedded/4.9 2015q2/bin/../lib/gcc/arm-none-eabi/4.9.3/armv7e-m/softfp/crti.o
LOAD c:/program files (x86)/gnu tools arm embedded/4.9 2015q2/bin/../lib/gcc/arm-none-eabi/4.9.3/armv7e-m/softfp/crtbegin.o
LOAD c:/program files (x86)/gnu tools arm embedded/4.9 2015q2/bin/../lib/gcc/arm-none-eabi/4.9.3/../../../../arm-none-eabi/lib/armv7e-m/softfp/crt0.o
LOAD C:\Users\Guitarman\Dropbox\Finale jaar projek\Nucleo_read_analog_value_coide_nucleo_f334r8\Nucleo_read_analog_value/mbed/TARGET_NUCLEO_F334R8/TOOLCHAIN_GCC_ARM/stm32f3xx_hal_nand.o
LOAD C:\Users\Guitarman\Dropbox\Finale jaar projek\Nucleo_read_analog_value_coide_nucleo_f334r8\Nucleo_read_analog_value/mbed/TARGET_NUCLEO_F334R8/TOOLCHAIN_GCC_ARM/stm32f3xx_hal_smartcard.o
LOAD C:\Users\Guitarman\Dropbox\Finale jaar projek\Nucleo_read_analog_value_coide_nucleo_f334r8\Nucleo_read_analog_value/mbed/TARGET_NUCLEO_F334R8/TOOLCHAIN_GCC_ARM/stm32f3xx_ll_fmc.o
LOAD C:\Users\Guitarman\Dropbox\Finale jaar projek\Nucleo_read_analog_value_coide_nucleo_f334r8\Nucleo_read_analog_value/mbed/TARGET_NUCLEO_F334R8/TOOLCHAIN_GCC_ARM/stm32f3xx_hal_tim.o
LOAD C:\Users\Guitarman\Dropbox\Finale jaar projek\Nucleo_read_analog_value_coide_nucleo_f334r8\Nucleo_read_analog_value/mbed/TARGET_NUCLEO_F334R8/TOOLCHAIN_GCC_ARM/stm32f3xx_hal.o
LOAD C:\Users\Guitarman\Dropbox\Finale jaar projek\Nucleo_read_analog_value_coide_nucleo_f334r8\Nucleo_read_analog_value/mbed/TARGET_NUCLEO_F334R8/TOOLCHAIN_GCC_ARM/stm32f3xx_hal_cortex.o
LOAD C:\Users\Guitarman\Dropbox\Finale jaar projek\Nucleo_read_analog_value_coide_nucleo_f334r8\Nucleo_read_analog_value/mbed/TARGET_NUCLEO_F334R8/TOOLCHAIN_GCC_ARM/stm32f3xx_hal_dac.o
LOAD C:\Users\Guitarman\Dropbox\Finale jaar projek\Nucleo_read_analog_value_coide_nucleo_f334r8\Nucleo_read_analog_value/mbed/TARGET_NUCLEO_F334R8/TOOLCHAIN_GCC_ARM/stm32f3xx_hal_i2s_ex.o
LOAD C:\Users\Guitarman\Dropbox\Finale jaar projek\Nucleo_read_analog_value_coide_nucleo_f334r8\Nucleo_read_analog_value/mbed/TARGET_NUCLEO_F334R8/TOOLCHAIN_GCC_ARM/mbed_overrides.o
LOAD C:\Users\Guitarman\Dropbox\Finale jaar projek\Nucleo_read_analog_value_coide_nucleo_f334r8\Nucleo_read_analog_value/mbed/TARGET_NUCLEO_F334R8/TOOLCHAIN_GCC_ARM/stm32f3xx_hal_rcc_ex.o
LOAD C:\Users\Guitarman\Dropbox\Finale jaar projek\Nucleo_read_analog_value_coide_nucleo_f334r8\Nucleo_read_analog_value/mbed/TARGET_NUCLEO_F334R8/TOOLCHAIN_GCC_ARM/stm32f3xx_hal_rtc.o
LOAD C:\Users\Guitarman\Dropbox\Finale jaar projek\Nucleo_read_analog_value_coide_nucleo_f334r8\Nucleo_read_analog_value/mbed/TARGET_NUCLEO_F334R8/TOOLCHAIN_GCC_ARM/startup_stm32f334x8.o
LOAD C:\Users\Guitarman\Dropbox\Finale jaar projek\Nucleo_read_analog_value_coide_nucleo_f334r8\Nucleo_read_analog_value/mbed/TARGET_NUCLEO_F334R8/TOOLCHAIN_GCC_ARM/stm32f3xx_hal_wwdg.o
LOAD C:\Users\Guitarman\Dropbox\Finale jaar projek\Nucleo_read_analog_value_coide_nucleo_f334r8\Nucleo_read_analog_value/mbed/TARGET_NUCLEO_F334R8/TOOLCHAIN_GCC_ARM/system_stm32f3xx.o
LOAD C:\Users\Guitarman\Dropbox\Finale jaar projek\Nucleo_read_analog_value_coide_nucleo_f334r8\Nucleo_read_analog_value/mbed/TARGET_NUCLEO_F334R8/TOOLCHAIN_GCC_ARM/stm32f3xx_hal_crc.o
LOAD C:\Users\Guitarman\Dropbox\Finale jaar projek\Nucleo_read_analog_value_coide_nucleo_f334r8\Nucleo_read_analog_value/mbed/TARGET_NUCLEO_F334R8/TOOLCHAIN_GCC_ARM/stm32f3xx_hal_pccard.o
LOAD C:\Users\Guitarman\Dropbox\Finale jaar projek\Nucleo_read_analog_value_coide_nucleo_f334r8\Nucleo_read_analog_value/mbed/TARGET_NUCLEO_F334R8/TOOLCHAIN_GCC_ARM/stm32f3xx_hal_smbus.o
LOAD C:\Users\Guitarman\Dropbox\Finale jaar projek\Nucleo_read_analog_value_coide_nucleo_f334r8\Nucleo_read_analog_value/mbed/TARGET_NUCLEO_F334R8/TOOLCHAIN_GCC_ARM/stm32f3xx_hal_pcd.o
LOAD C:\Users\Guitarman\Dropbox\Finale jaar projek\Nucleo_read_analog_value_coide_nucleo_f334r8\Nucleo_read_analog_value/mbed/TARGET_NUCLEO_F334R8/TOOLCHAIN_GCC_ARM/stm32f3xx_hal_spi.o
LOAD C:\Users\Guitarman\Dropbox\Finale jaar projek\Nucleo_read_analog_value_coide_nucleo_f334r8\Nucleo_read_analog_value/mbed/TARGET_NUCLEO_F334R8/TOOLCHAIN_GCC_ARM/stm32f3xx_hal_cec.o
LOAD C:\Users\Guitarman\Dropbox\Finale jaar projek\Nucleo_read_analog_value_coide_nucleo_f334r8\Nucleo_read_analog_value/mbed/TARGET_NUCLEO_F334R8/TOOLCHAIN_GCC_ARM/stm32f3xx_hal_flash.o
LOAD C:\Users\Guitarman\Dropbox\Finale jaar projek\Nucleo_read_analog_value_coide_nucleo_f334r8\Nucleo_read_analog_value/mbed/TARGET_NUCLEO_F334R8/TOOLCHAIN_GCC_ARM/stm32f3xx_hal_rcc.o
LOAD C:\Users\Guitarman\Dropbox\Finale jaar projek\Nucleo_read_analog_value_coide_nucleo_f334r8\Nucleo_read_analog_value/mbed/TARGET_NUCLEO_F334R8/TOOLCHAIN_GCC_ARM/stm32f3xx_hal_usart.o
LOAD C:\Users\Guitarman\Dropbox\Finale jaar projek\Nucleo_read_analog_value_coide_nucleo_f334r8\Nucleo_read_analog_value/mbed/TARGET_NUCLEO_F334R8/TOOLCHAIN_GCC_ARM/stm32f3xx_hal_i2c.o
LOAD C:\Users\Guitarman\Dropbox\Finale jaar projek\Nucleo_read_analog_value_coide_nucleo_f334r8\Nucleo_read_analog_value/mbed/TARGET_NUCLEO_F334R8/TOOLCHAIN_GCC_ARM/board.o
LOAD C:\Users\Guitarman\Dropbox\Finale jaar projek\Nucleo_read_analog_value_coide_nucleo_f334r8\Nucleo_read_analog_value/mbed/TARGET_NUCLEO_F334R8/TOOLCHAIN_GCC_ARM/stm32f3xx_hal_gpio.o
LOAD C:\Users\Guitarman\Dropbox\Finale jaar projek\Nucleo_read_analog_value_coide_nucleo_f334r8\Nucleo_read_analog_value/mbed/TARGET_NUCLEO_F334R8/TOOLCHAIN_GCC_ARM/stm32f3xx_hal_uart_ex.o
LOAD C:\Users\Guitarman\Dropbox\Finale jaar projek\Nucleo_read_analog_value_coide_nucleo_f334r8\Nucleo_read_analog_value/mbed/TARGET_NUCLEO_F334R8/TOOLCHAIN_GCC_ARM/stm32f3xx_hal_crc_ex.o
LOAD C:\Users\Guitarman\Dropbox\Finale jaar projek\Nucleo_read_analog_value_coide_nucleo_f334r8\Nucleo_read_analog_value/mbed/TARGET_NUCLEO_F334R8/TOOLCHAIN_GCC_ARM/stm32f3xx_hal_i2s.o
LOAD C:\Users\Guitarman\Dropbox\Finale jaar projek\Nucleo_read_analog_value_coide_nucleo_f334r8\Nucleo_read_analog_value/mbed/TARGET_NUCLEO_F334R8/TOOLCHAIN_GCC_ARM/stm32f3xx_hal_i2c_ex.o
LOAD C:\Users\Guitarman\Dropbox\Finale jaar projek\Nucleo_read_analog_value_coide_nucleo_f334r8\Nucleo_read_analog_value/mbed/TARGET_NUCLEO_F334R8/TOOLCHAIN_GCC_ARM/stm32f3xx_hal_dac_ex.o
LOAD C:\Users\Guitarman\Dropbox\Finale jaar projek\Nucleo_read_analog_value_coide_nucleo_f334r8\Nucleo_read_analog_value/mbed/TARGET_NUCLEO_F334R8/TOOLCHAIN_GCC_ARM/stm32f3xx_hal_adc.o
LOAD C:\Users\Guitarman\Dropbox\Finale jaar projek\Nucleo_read_analog_value_coide_nucleo_f334r8\Nucleo_read_analog_value/mbed/TARGET_NUCLEO_F334R8/TOOLCHAIN_GCC_ARM/cmsis_nvic.o
LOAD C:\Users\Guitarman\Dropbox\Finale jaar projek\Nucleo_read_analog_value_coide_nucleo_f334r8\Nucleo_read_analog_value/mbed/TARGET_NUCLEO_F334R8/TOOLCHAIN_GCC_ARM/hal_tick.o
LOAD C:\Users\Guitarman\Dropbox\Finale jaar projek\Nucleo_read_analog_value_coide_nucleo_f334r8\Nucleo_read_analog_value/mbed/TARGET_NUCLEO_F334R8/TOOLCHAIN_GCC_ARM/stm32f3xx_hal_uart.o
LOAD C:\Users\Guitarman\Dropbox\Finale jaar projek\Nucleo_read_analog_value_coide_nucleo_f334r8\Nucleo_read_analog_value/mbed/TARGET_NUCLEO_F334R8/TOOLCHAIN_GCC_ARM/stm32f3xx_hal_pcd_ex.o
LOAD C:\Users\Guitarman\Dropbox\Finale jaar projek\Nucleo_read_analog_value_coide_nucleo_f334r8\Nucleo_read_analog_value/mbed/TARGET_NUCLEO_F334R8/TOOLCHAIN_GCC_ARM/stm32f3xx_hal_comp.o
LOAD C:\Users\Guitarman\Dropbox\Finale jaar projek\Nucleo_read_analog_value_coide_nucleo_f334r8\Nucleo_read_analog_value/mbed/TARGET_NUCLEO_F334R8/TOOLCHAIN_GCC_ARM/stm32f3xx_hal_tim_ex.o
LOAD C:\Users\Guitarman\Dropbox\Finale jaar projek\Nucleo_read_analog_value_coide_nucleo_f334r8\Nucleo_read_analog_value/mbed/TARGET_NUCLEO_F334R8/TOOLCHAIN_GCC_ARM/stm32f3xx_hal_opamp_ex.o
LOAD C:\Users\Guitarman\Dropbox\Finale jaar projek\Nucleo_read_analog_value_coide_nucleo_f334r8\Nucleo_read_analog_value/mbed/TARGET_NUCLEO_F334R8/TOOLCHAIN_GCC_ARM/stm32f3xx_hal_sram.o
LOAD C:\Users\Guitarman\Dropbox\Finale jaar projek\Nucleo_read_analog_value_coide_nucleo_f334r8\Nucleo_read_analog_value/mbed/TARGET_NUCLEO_F334R8/TOOLCHAIN_GCC_ARM/retarget.o
LOAD C:\Users\Guitarman\Dropbox\Finale jaar projek\Nucleo_read_analog_value_coide_nucleo_f334r8\Nucleo_read_analog_value/mbed/TARGET_NUCLEO_F334R8/TOOLCHAIN_GCC_ARM/stm32f3xx_hal_irda.o
LOAD C:\Users\Guitarman\Dropbox\Finale jaar projek\Nucleo_read_analog_value_coide_nucleo_f334r8\Nucleo_read_analog_value/mbed/TARGET_NUCLEO_F334R8/TOOLCHAIN_GCC_ARM/stm32f3xx_hal_smartcard_ex.o
LOAD C:\Users\Guitarman\Dropbox\Finale jaar projek\Nucleo_read_analog_value_coide_nucleo_f334r8\Nucleo_read_analog_value/mbed/TARGET_NUCLEO_F334R8/TOOLCHAIN_GCC_ARM/stm32f3xx_hal_sdadc.o
LOAD C:\Users\Guitarman\Dropbox\Finale jaar projek\Nucleo_read_analog_value_coide_nucleo_f334r8\Nucleo_read_analog_value/mbed/TARGET_NUCLEO_F334R8/TOOLCHAIN_GCC_ARM/stm32f3xx_hal_rtc_ex.o
LOAD C:\Users\Guitarman\Dropbox\Finale jaar projek\Nucleo_read_analog_value_coide_nucleo_f334r8\Nucleo_read_analog_value/mbed/TARGET_NUCLEO_F334R8/TOOLCHAIN_GCC_ARM/stm32f3xx_hal_hrtim.o
LOAD C:\Users\Guitarman\Dropbox\Finale jaar projek\Nucleo_read_analog_value_coide_nucleo_f334r8\Nucleo_read_analog_value/mbed/TARGET_NUCLEO_F334R8/TOOLCHAIN_GCC_ARM/stm32f3xx_hal_iwdg.o
LOAD C:\Users\Guitarman\Dropbox\Finale jaar projek\Nucleo_read_analog_value_coide_nucleo_f334r8\Nucleo_read_analog_value/mbed/TARGET_NUCLEO_F334R8/TOOLCHAIN_GCC_ARM/stm32f3xx_hal_opamp.o
LOAD C:\Users\Guitarman\Dropbox\Finale jaar projek\Nucleo_read_analog_value_coide_nucleo_f334r8\Nucleo_read_analog_value/mbed/TARGET_NUCLEO_F334R8/TOOLCHAIN_GCC_ARM/stm32f3xx_hal_pwr.o
LOAD C:\Users\Guitarman\Dropbox\Finale jaar projek\Nucleo_read_analog_value_coide_nucleo_f334r8\Nucleo_read_analog_value/mbed/TARGET_NUCLEO_F334R8/TOOLCHAIN_GCC_ARM/stm32f3xx_hal_dma.o
LOAD C:\Users\Guitarman\Dropbox\Finale jaar projek\Nucleo_read_analog_value_coide_nucleo_f334r8\Nucleo_read_analog_value/mbed/TARGET_NUCLEO_F334R8/TOOLCHAIN_GCC_ARM/stm32f3xx_hal_flash_ex.o
LOAD C:\Users\Guitarman\Dropbox\Finale jaar projek\Nucleo_read_analog_value_coide_nucleo_f334r8\Nucleo_read_analog_value/mbed/TARGET_NUCLEO_F334R8/TOOLCHAIN_GCC_ARM/stm32f3xx_hal_nor.o
LOAD C:\Users\Guitarman\Dropbox\Finale jaar projek\Nucleo_read_analog_value_coide_nucleo_f334r8\Nucleo_read_analog_value/mbed/TARGET_NUCLEO_F334R8/TOOLCHAIN_GCC_ARM/stm32f3xx_hal_tsc.o
LOAD C:\Users\Guitarman\Dropbox\Finale jaar projek\Nucleo_read_analog_value_coide_nucleo_f334r8\Nucleo_read_analog_value/mbed/TARGET_NUCLEO_F334R8/TOOLCHAIN_GCC_ARM/stm32f3xx_hal_pwr_ex.o
LOAD C:\Users\Guitarman\Dropbox\Finale jaar projek\Nucleo_read_analog_value_coide_nucleo_f334r8\Nucleo_read_analog_value/mbed/TARGET_NUCLEO_F334R8/TOOLCHAIN_GCC_ARM/stm32f3xx_hal_can.o
LOAD C:\Users\Guitarman\Dropbox\Finale jaar projek\Nucleo_read_analog_value_coide_nucleo_f334r8\Nucleo_read_analog_value/mbed/TARGET_NUCLEO_F334R8/TOOLCHAIN_GCC_ARM/stm32f3xx_hal_adc_ex.o

.text           0x08000000     0x971c
 *(.isr_vector)
 .isr_vector    0x08000000      0x188 C:\Users\Guitarman\Dropbox\Finale jaar projek\Nucleo_read_analog_value_coide_nucleo_f334r8\Nucleo_read_analog_value/mbed/TARGET_NUCLEO_F334R8/TOOLCHAIN_GCC_ARM/startup_stm32f334x8.o
                0x08000000                g_pfnVectors
 *(.text*)
 .text          0x08000188       0x5c c:/program files (x86)/gnu tools arm embedded/4.9 2015q2/bin/../lib/gcc/arm-none-eabi/4.9.3/armv7e-m/softfp/crtbegin.o
 .text          0x080001e4       0x74 c:/program files (x86)/gnu tools arm embedded/4.9 2015q2/bin/../lib/gcc/arm-none-eabi/4.9.3/../../../../arm-none-eabi/lib/armv7e-m/softfp/crt0.o
                0x080001e4                _start
                0x080001e4                _mainCRTStartup
 .text.HAL_TIM_OC_MspInit
                0x08000258        0x4 C:\Users\Guitarman\Dropbox\Finale jaar projek\Nucleo_read_analog_value_coide_nucleo_f334r8\Nucleo_read_analog_value/mbed/TARGET_NUCLEO_F334R8/TOOLCHAIN_GCC_ARM/stm32f3xx_hal_tim.o
                0x08000258                HAL_TIM_OC_MspInit
 .text.HAL_TIM_OC_Start
                0x0800025c       0x58 C:\Users\Guitarman\Dropbox\Finale jaar projek\Nucleo_read_analog_value_coide_nucleo_f334r8\Nucleo_read_analog_value/mbed/TARGET_NUCLEO_F334R8/TOOLCHAIN_GCC_ARM/stm32f3xx_hal_tim.o
                0x0800025c                HAL_TIM_OC_Start
 .text.TIM_Base_SetConfig
                0x080002b4       0xc8 C:\Users\Guitarman\Dropbox\Finale jaar projek\Nucleo_read_analog_value_coide_nucleo_f334r8\Nucleo_read_analog_value/mbed/TARGET_NUCLEO_F334R8/TOOLCHAIN_GCC_ARM/stm32f3xx_hal_tim.o
                0x080002b4                TIM_Base_SetConfig
 .text.HAL_TIM_OC_Init
                0x0800037c       0x30 C:\Users\Guitarman\Dropbox\Finale jaar projek\Nucleo_read_analog_value_coide_nucleo_f334r8\Nucleo_read_analog_value/mbed/TARGET_NUCLEO_F334R8/TOOLCHAIN_GCC_ARM/stm32f3xx_hal_tim.o
                0x0800037c                HAL_TIM_OC_Init
 .text.HAL_MspInit
                0x080003ac        0x4 C:\Users\Guitarman\Dropbox\Finale jaar projek\Nucleo_read_analog_value_coide_nucleo_f334r8\Nucleo_read_analog_value/mbed/TARGET_NUCLEO_F334R8/TOOLCHAIN_GCC_ARM/stm32f3xx_hal.o
                0x080003ac                HAL_MspInit
 .text.HAL_Init
                0x080003b0       0x24 C:\Users\Guitarman\Dropbox\Finale jaar projek\Nucleo_read_analog_value_coide_nucleo_f334r8\Nucleo_read_analog_value/mbed/TARGET_NUCLEO_F334R8/TOOLCHAIN_GCC_ARM/stm32f3xx_hal.o
                0x080003b0                HAL_Init
 .text.HAL_IncTick
                0x080003d4       0x10 C:\Users\Guitarman\Dropbox\Finale jaar projek\Nucleo_read_analog_value_coide_nucleo_f334r8\Nucleo_read_analog_value/mbed/TARGET_NUCLEO_F334R8/TOOLCHAIN_GCC_ARM/stm32f3xx_hal.o
                0x080003d4                HAL_IncTick
 .text.HAL_GetTick
                0x080003e4        0xc C:\Users\Guitarman\Dropbox\Finale jaar projek\Nucleo_read_analog_value_coide_nucleo_f334r8\Nucleo_read_analog_value/mbed/TARGET_NUCLEO_F334R8/TOOLCHAIN_GCC_ARM/stm32f3xx_hal.o
                0x080003e4                HAL_GetTick
 .text.HAL_NVIC_SetPriorityGrouping
                0x080003f0       0x24 C:\Users\Guitarman\Dropbox\Finale jaar projek\Nucleo_read_analog_value_coide_nucleo_f334r8\Nucleo_read_analog_value/mbed/TARGET_NUCLEO_F334R8/TOOLCHAIN_GCC_ARM/stm32f3xx_hal_cortex.o
                0x080003f0                HAL_NVIC_SetPriorityGrouping
 .text.HAL_NVIC_SetPriority
                0x08000414       0x70 C:\Users\Guitarman\Dropbox\Finale jaar projek\Nucleo_read_analog_value_coide_nucleo_f334r8\Nucleo_read_analog_value/mbed/TARGET_NUCLEO_F334R8/TOOLCHAIN_GCC_ARM/stm32f3xx_hal_cortex.o
                0x08000414                HAL_NVIC_SetPriority
 .text.HAL_NVIC_EnableIRQ
                0x08000484       0x18 C:\Users\Guitarman\Dropbox\Finale jaar projek\Nucleo_read_analog_value_coide_nucleo_f334r8\Nucleo_read_analog_value/mbed/TARGET_NUCLEO_F334R8/TOOLCHAIN_GCC_ARM/stm32f3xx_hal_cortex.o
                0x08000484                HAL_NVIC_EnableIRQ
 .text.HAL_DAC_ConfigChannel
                0x0800049c       0x4c C:\Users\Guitarman\Dropbox\Finale jaar projek\Nucleo_read_analog_value_coide_nucleo_f334r8\Nucleo_read_analog_value/mbed/TARGET_NUCLEO_F334R8/TOOLCHAIN_GCC_ARM/stm32f3xx_hal_dac.o
                0x0800049c                HAL_DAC_ConfigChannel
 .text.mbed_sdk_init
                0x080004e8       0x10 C:\Users\Guitarman\Dropbox\Finale jaar projek\Nucleo_read_analog_value_coide_nucleo_f334r8\Nucleo_read_analog_value/mbed/TARGET_NUCLEO_F334R8/TOOLCHAIN_GCC_ARM/mbed_overrides.o
                0x080004e8                mbed_sdk_init
 .text.HAL_RCC_OscConfig
                0x080004f8      0x668 C:\Users\Guitarman\Dropbox\Finale jaar projek\Nucleo_read_analog_value_coide_nucleo_f334r8\Nucleo_read_analog_value/mbed/TARGET_NUCLEO_F334R8/TOOLCHAIN_GCC_ARM/stm32f3xx_hal_rcc_ex.o
                0x080004f8                HAL_RCC_OscConfig
 .text.HAL_RCC_GetSysClockFreq
                0x08000b60       0x6c C:\Users\Guitarman\Dropbox\Finale jaar projek\Nucleo_read_analog_value_coide_nucleo_f334r8\Nucleo_read_analog_value/mbed/TARGET_NUCLEO_F334R8/TOOLCHAIN_GCC_ARM/stm32f3xx_hal_rcc_ex.o
                0x08000b60                HAL_RCC_GetSysClockFreq
 .text.Reset_Handler
                0x08000bcc       0x58 C:\Users\Guitarman\Dropbox\Finale jaar projek\Nucleo_read_analog_value_coide_nucleo_f334r8\Nucleo_read_analog_value/mbed/TARGET_NUCLEO_F334R8/TOOLCHAIN_GCC_ARM/startup_stm32f334x8.o
                0x08000bcc                Reset_Handler
 .text.Default_Handler
                0x08000c24        0x4 C:\Users\Guitarman\Dropbox\Finale jaar projek\Nucleo_read_analog_value_coide_nucleo_f334r8\Nucleo_read_analog_value/mbed/TARGET_NUCLEO_F334R8/TOOLCHAIN_GCC_ARM/startup_stm32f334x8.o
                0x08000c24                RTC_Alarm_IRQHandler
                0x08000c24                HRTIM1_Master_IRQHandler
                0x08000c24                DebugMon_Handler
                0x08000c24                TIM1_CC_IRQHandler
                0x08000c24                HardFault_Handler
                0x08000c24                HRTIM1_FLT_IRQHandler
                0x08000c24                SysTick_Handler
                0x08000c24                PVD_IRQHandler
                0x08000c24                HRTIM1_TIMD_IRQHandler
                0x08000c24                TAMP_STAMP_IRQHandler
                0x08000c24                PendSV_Handler
                0x08000c24                NMI_Handler
                0x08000c24                EXTI3_IRQHandler
                0x08000c24                EXTI0_IRQHandler
                0x08000c24                FPU_IRQHandler
                0x08000c24                CAN_TX_IRQHandler
                0x08000c24                TIM1_UP_TIM16_IRQHandler
                0x08000c24                UsageFault_Handler
                0x08000c24                ADC1_2_IRQHandler
                0x08000c24                HRTIM1_TIME_IRQHandler
                0x08000c24                SPI1_IRQHandler
                0x08000c24                CAN_SCE_IRQHandler
                0x08000c24                HRTIM1_TIMC_IRQHandler
                0x08000c24                DMA1_Channel4_IRQHandler
                0x08000c24                USART3_IRQHandler
                0x08000c24                DMA1_Channel7_IRQHandler
                0x08000c24                TIM7_DAC2_IRQHandler
                0x08000c24                CAN_RX1_IRQHandler
                0x08000c24                I2C1_EV_IRQHandler
                0x08000c24                DMA1_Channel6_IRQHandler
                0x08000c24                TIM3_IRQHandler
                0x08000c24                RCC_IRQHandler
                0x08000c24                DMA1_Channel1_IRQHandler
                0x08000c24                Default_Handler
                0x08000c24                EXTI15_10_IRQHandler
                0x08000c24                COMP2_IRQHandler
                0x08000c24                HRTIM1_TIMA_IRQHandler
                0x08000c24                TIM6_DAC1_IRQHandler
                0x08000c24                EXTI9_5_IRQHandler
                0x08000c24                RTC_WKUP_IRQHandler
                0x08000c24                MemManage_Handler
                0x08000c24                SVC_Handler
                0x08000c24                DMA1_Channel5_IRQHandler
                0x08000c24                EXTI4_IRQHandler
                0x08000c24                HRTIM1_TIMB_IRQHandler
                0x08000c24                TIM1_TRG_COM_TIM17_IRQHandler
                0x08000c24                DMA1_Channel3_IRQHandler
                0x08000c24                WWDG_IRQHandler
                0x08000c24                TIM2_IRQHandler
                0x08000c24                EXTI1_IRQHandler
                0x08000c24                COMP4_6_IRQHandler
                0x08000c24                USART2_IRQHandler
                0x08000c24                DMA1_Channel2_IRQHandler
                0x08000c24                FLASH_IRQHandler
                0x08000c24                BusFault_Handler
                0x08000c24                USART1_IRQHandler
                0x08000c24                CAN_RX0_IRQHandler
                0x08000c24                I2C1_ER_IRQHandler
                0x08000c24                EXTI2_TSC_IRQHandler
                0x08000c24                TIM1_BRK_TIM15_IRQHandler
 .text.SystemCoreClockUpdate
                0x08000c28       0x64 C:\Users\Guitarman\Dropbox\Finale jaar projek\Nucleo_read_analog_value_coide_nucleo_f334r8\Nucleo_read_analog_value/mbed/TARGET_NUCLEO_F334R8/TOOLCHAIN_GCC_ARM/system_stm32f3xx.o
                0x08000c28                SystemCoreClockUpdate
 .text.SetSysClock_PLL_HSE
                0x08000c8c       0x58 C:\Users\Guitarman\Dropbox\Finale jaar projek\Nucleo_read_analog_value_coide_nucleo_f334r8\Nucleo_read_analog_value/mbed/TARGET_NUCLEO_F334R8/TOOLCHAIN_GCC_ARM/system_stm32f3xx.o
                0x08000c8c                SetSysClock_PLL_HSE
 .text.SetSysClock_PLL_HSI
                0x08000ce4       0x54 C:\Users\Guitarman\Dropbox\Finale jaar projek\Nucleo_read_analog_value_coide_nucleo_f334r8\Nucleo_read_analog_value/mbed/TARGET_NUCLEO_F334R8/TOOLCHAIN_GCC_ARM/system_stm32f3xx.o
                0x08000ce4                SetSysClock_PLL_HSI
 .text.SetSysClock
                0x08000d38       0x20 C:\Users\Guitarman\Dropbox\Finale jaar projek\Nucleo_read_analog_value_coide_nucleo_f334r8\Nucleo_read_analog_value/mbed/TARGET_NUCLEO_F334R8/TOOLCHAIN_GCC_ARM/system_stm32f3xx.o
                0x08000d38                SetSysClock
 .text.SystemInit
                0x08000d58       0x90 C:\Users\Guitarman\Dropbox\Finale jaar projek\Nucleo_read_analog_value_coide_nucleo_f334r8\Nucleo_read_analog_value/mbed/TARGET_NUCLEO_F334R8/TOOLCHAIN_GCC_ARM/system_stm32f3xx.o
                0x08000d58                SystemInit
 .text.HAL_SPI_MspInit
                0x08000de8        0x4 C:\Users\Guitarman\Dropbox\Finale jaar projek\Nucleo_read_analog_value_coide_nucleo_f334r8\Nucleo_read_analog_value/mbed/TARGET_NUCLEO_F334R8/TOOLCHAIN_GCC_ARM/stm32f3xx_hal_spi.o
                0x08000de8                HAL_SPI_MspInit
 .text.HAL_SPI_Init
                0x08000dec      0x104 C:\Users\Guitarman\Dropbox\Finale jaar projek\Nucleo_read_analog_value_coide_nucleo_f334r8\Nucleo_read_analog_value/mbed/TARGET_NUCLEO_F334R8/TOOLCHAIN_GCC_ARM/stm32f3xx_hal_spi.o
                0x08000dec                HAL_SPI_Init
 .text.HAL_RCC_ClockConfig
                0x08000ef0      0x32c C:\Users\Guitarman\Dropbox\Finale jaar projek\Nucleo_read_analog_value_coide_nucleo_f334r8\Nucleo_read_analog_value/mbed/TARGET_NUCLEO_F334R8/TOOLCHAIN_GCC_ARM/stm32f3xx_hal_rcc.o
                0x08000ef0                HAL_RCC_ClockConfig
 .text.HAL_RCC_GetHCLKFreq
                0x0800121c       0x38 C:\Users\Guitarman\Dropbox\Finale jaar projek\Nucleo_read_analog_value_coide_nucleo_f334r8\Nucleo_read_analog_value/mbed/TARGET_NUCLEO_F334R8/TOOLCHAIN_GCC_ARM/stm32f3xx_hal_rcc.o
                0x0800121c                HAL_RCC_GetHCLKFreq
 .text.HAL_RCC_GetPCLK1Freq
                0x08001254       0x30 C:\Users\Guitarman\Dropbox\Finale jaar projek\Nucleo_read_analog_value_coide_nucleo_f334r8\Nucleo_read_analog_value/mbed/TARGET_NUCLEO_F334R8/TOOLCHAIN_GCC_ARM/stm32f3xx_hal_rcc.o
                0x08001254                HAL_RCC_GetPCLK1Freq
 .text.HAL_RCC_GetPCLK2Freq
                0x08001284       0x30 C:\Users\Guitarman\Dropbox\Finale jaar projek\Nucleo_read_analog_value_coide_nucleo_f334r8\Nucleo_read_analog_value/mbed/TARGET_NUCLEO_F334R8/TOOLCHAIN_GCC_ARM/stm32f3xx_hal_rcc.o
                0x08001284                HAL_RCC_GetPCLK2Freq
 .text.mbed_die
                0x080012b4       0x14 C:\Users\Guitarman\Dropbox\Finale jaar projek\Nucleo_read_analog_value_coide_nucleo_f334r8\Nucleo_read_analog_value/mbed/TARGET_NUCLEO_F334R8/TOOLCHAIN_GCC_ARM/board.o
                0x080012b4                mbed_die
 .text.HAL_GPIO_Init
                0x080012c8      0x20c C:\Users\Guitarman\Dropbox\Finale jaar projek\Nucleo_read_analog_value_coide_nucleo_f334r8\Nucleo_read_analog_value/mbed/TARGET_NUCLEO_F334R8/TOOLCHAIN_GCC_ARM/stm32f3xx_hal_gpio.o
                0x080012c8                HAL_GPIO_Init
 .text.HAL_DAC_SetValue
                0x080014d4       0x30 C:\Users\Guitarman\Dropbox\Finale jaar projek\Nucleo_read_analog_value_coide_nucleo_f334r8\Nucleo_read_analog_value/mbed/TARGET_NUCLEO_F334R8/TOOLCHAIN_GCC_ARM/stm32f3xx_hal_dac_ex.o
                0x080014d4                HAL_DAC_SetValue
 .text.HAL_DAC_Start
                0x08001504       0x68 C:\Users\Guitarman\Dropbox\Finale jaar projek\Nucleo_read_analog_value_coide_nucleo_f334r8\Nucleo_read_analog_value/mbed/TARGET_NUCLEO_F334R8/TOOLCHAIN_GCC_ARM/stm32f3xx_hal_dac_ex.o
                0x08001504                HAL_DAC_Start
 .text.HAL_ADC_MspInit
                0x0800156c        0x4 C:\Users\Guitarman\Dropbox\Finale jaar projek\Nucleo_read_analog_value_coide_nucleo_f334r8\Nucleo_read_analog_value/mbed/TARGET_NUCLEO_F334R8/TOOLCHAIN_GCC_ARM/stm32f3xx_hal_adc.o
                0x0800156c                HAL_ADC_MspInit
 .text.NVIC_SetVector
                0x08001570       0x48 C:\Users\Guitarman\Dropbox\Finale jaar projek\Nucleo_read_analog_value_coide_nucleo_f334r8\Nucleo_read_analog_value/mbed/TARGET_NUCLEO_F334R8/TOOLCHAIN_GCC_ARM/cmsis_nvic.o
                0x08001570                NVIC_SetVector
 .text.timer_irq_handler
                0x080015b8       0x50 C:\Users\Guitarman\Dropbox\Finale jaar projek\Nucleo_read_analog_value_coide_nucleo_f334r8\Nucleo_read_analog_value/mbed/TARGET_NUCLEO_F334R8/TOOLCHAIN_GCC_ARM/hal_tick.o
                0x080015b8                timer_irq_handler
 .text.HAL_InitTick
                0x08001608       0xa0 C:\Users\Guitarman\Dropbox\Finale jaar projek\Nucleo_read_analog_value_coide_nucleo_f334r8\Nucleo_read_analog_value/mbed/TARGET_NUCLEO_F334R8/TOOLCHAIN_GCC_ARM/hal_tick.o
                0x08001608                HAL_InitTick
 .text.HAL_UART_MspInit
                0x080016a8        0x4 C:\Users\Guitarman\Dropbox\Finale jaar projek\Nucleo_read_analog_value_coide_nucleo_f334r8\Nucleo_read_analog_value/mbed/TARGET_NUCLEO_F334R8/TOOLCHAIN_GCC_ARM/stm32f3xx_hal_uart.o
                0x080016a8                HAL_UART_MspInit
 .text.UART_WaitOnFlagUntilTimeout
                0x080016ac       0x90 C:\Users\Guitarman\Dropbox\Finale jaar projek\Nucleo_read_analog_value_coide_nucleo_f334r8\Nucleo_read_analog_value/mbed/TARGET_NUCLEO_F334R8/TOOLCHAIN_GCC_ARM/stm32f3xx_hal_uart.o
                0x080016ac                UART_WaitOnFlagUntilTimeout
 .text.UART_SetConfig
                0x0800173c      0x1e4 C:\Users\Guitarman\Dropbox\Finale jaar projek\Nucleo_read_analog_value_coide_nucleo_f334r8\Nucleo_read_analog_value/mbed/TARGET_NUCLEO_F334R8/TOOLCHAIN_GCC_ARM/stm32f3xx_hal_uart.o
                0x0800173c                UART_SetConfig
 .text.UART_AdvFeatureConfig
                0x08001920       0xb0 C:\Users\Guitarman\Dropbox\Finale jaar projek\Nucleo_read_analog_value_coide_nucleo_f334r8\Nucleo_read_analog_value/mbed/TARGET_NUCLEO_F334R8/TOOLCHAIN_GCC_ARM/stm32f3xx_hal_uart.o
                0x08001920                UART_AdvFeatureConfig
 .text.UART_CheckIdleState
                0x080019d0       0x54 C:\Users\Guitarman\Dropbox\Finale jaar projek\Nucleo_read_analog_value_coide_nucleo_f334r8\Nucleo_read_analog_value/mbed/TARGET_NUCLEO_F334R8/TOOLCHAIN_GCC_ARM/stm32f3xx_hal_uart.o
                0x080019d0                UART_CheckIdleState
 .text.HAL_UART_Init
                0x08001a24       0x60 C:\Users\Guitarman\Dropbox\Finale jaar projek\Nucleo_read_analog_value_coide_nucleo_f334r8\Nucleo_read_analog_value/mbed/TARGET_NUCLEO_F334R8/TOOLCHAIN_GCC_ARM/stm32f3xx_hal_uart.o
                0x08001a24                HAL_UART_Init
 .text._ZN4mbed10FileHandle4flenEv
                0x08001a84       0x34 C:\Users\Guitarman\Dropbox\Finale jaar projek\Nucleo_read_analog_value_coide_nucleo_f334r8\Nucleo_read_analog_value/mbed/TARGET_NUCLEO_F334R8/TOOLCHAIN_GCC_ARM/retarget.o
                0x08001a84                mbed::FileHandle::flen()
 .text._ZN4mbed10FileHandleD2Ev
                0x08001ab8       0x2c C:\Users\Guitarman\Dropbox\Finale jaar projek\Nucleo_read_analog_value_coide_nucleo_f334r8\Nucleo_read_analog_value/mbed/TARGET_NUCLEO_F334R8/TOOLCHAIN_GCC_ARM/retarget.o
                0x08001ab8                mbed::FileHandle::~FileHandle()
                0x08001ab8                mbed::FileHandle::~FileHandle()
 .text._ZN4mbed10FileHandleD0Ev
                0x08001ae4       0x34 C:\Users\Guitarman\Dropbox\Finale jaar projek\Nucleo_read_analog_value_coide_nucleo_f334r8\Nucleo_read_analog_value/mbed/TARGET_NUCLEO_F334R8/TOOLCHAIN_GCC_ARM/retarget.o
                0x08001ae4                mbed::FileHandle::~FileHandle()
 .text._ZL11init_serialv.part.0
                0x08001b18       0x10 C:\Users\Guitarman\Dropbox\Finale jaar projek\Nucleo_read_analog_value_coide_nucleo_f334r8\Nucleo_read_analog_value/mbed/TARGET_NUCLEO_F334R8/TOOLCHAIN_GCC_ARM/retarget.o
 .text._open    0x08001b28       0xf8 C:\Users\Guitarman\Dropbox\Finale jaar projek\Nucleo_read_analog_value_coide_nucleo_f334r8\Nucleo_read_analog_value/mbed/TARGET_NUCLEO_F334R8/TOOLCHAIN_GCC_ARM/retarget.o
                0x08001b28                _open
 .text._close   0x08001c20       0x2c C:\Users\Guitarman\Dropbox\Finale jaar projek\Nucleo_read_analog_value_coide_nucleo_f334r8\Nucleo_read_analog_value/mbed/TARGET_NUCLEO_F334R8/TOOLCHAIN_GCC_ARM/retarget.o
                0x08001c20                _close
 .text._write   0x08001c4c       0x50 C:\Users\Guitarman\Dropbox\Finale jaar projek\Nucleo_read_analog_value_coide_nucleo_f334r8\Nucleo_read_analog_value/mbed/TARGET_NUCLEO_F334R8/TOOLCHAIN_GCC_ARM/retarget.o
                0x08001c4c                _write
 .text._read    0x08001c9c       0x4c C:\Users\Guitarman\Dropbox\Finale jaar projek\Nucleo_read_analog_value_coide_nucleo_f334r8\Nucleo_read_analog_value/mbed/TARGET_NUCLEO_F334R8/TOOLCHAIN_GCC_ARM/retarget.o
                0x08001c9c                _read
 .text._isatty  0x08001ce8       0x28 C:\Users\Guitarman\Dropbox\Finale jaar projek\Nucleo_read_analog_value_coide_nucleo_f334r8\Nucleo_read_analog_value/mbed/TARGET_NUCLEO_F334R8/TOOLCHAIN_GCC_ARM/retarget.o
                0x08001ce8                _isatty
 .text._lseek   0x08001d10       0x28 C:\Users\Guitarman\Dropbox\Finale jaar projek\Nucleo_read_analog_value_coide_nucleo_f334r8\Nucleo_read_analog_value/mbed/TARGET_NUCLEO_F334R8/TOOLCHAIN_GCC_ARM/retarget.o
                0x08001d10                _lseek
 .text._fstat   0x08001d38       0x20 C:\Users\Guitarman\Dropbox\Finale jaar projek\Nucleo_read_analog_value_coide_nucleo_f334r8\Nucleo_read_analog_value/mbed/TARGET_NUCLEO_F334R8/TOOLCHAIN_GCC_ARM/retarget.o
                0x08001d38                _fstat
 .text.__cxa_pure_virtual
                0x08001d58        0x8 C:\Users\Guitarman\Dropbox\Finale jaar projek\Nucleo_read_analog_value_coide_nucleo_f334r8\Nucleo_read_analog_value/mbed/TARGET_NUCLEO_F334R8/TOOLCHAIN_GCC_ARM/retarget.o
                0x08001d58                __cxa_pure_virtual
 .text.mbed_main
                0x08001d60        0x4 C:\Users\Guitarman\Dropbox\Finale jaar projek\Nucleo_read_analog_value_coide_nucleo_f334r8\Nucleo_read_analog_value/mbed/TARGET_NUCLEO_F334R8/TOOLCHAIN_GCC_ARM/retarget.o
                0x08001d60                mbed_main
 .text.__wrap_main
                0x08001d64       0x14 C:\Users\Guitarman\Dropbox\Finale jaar projek\Nucleo_read_analog_value_coide_nucleo_f334r8\Nucleo_read_analog_value/mbed/TARGET_NUCLEO_F334R8/TOOLCHAIN_GCC_ARM/retarget.o
                0x08001d64                __wrap_main
 .text._sbrk    0x08001d78       0x28 C:\Users\Guitarman\Dropbox\Finale jaar projek\Nucleo_read_analog_value_coide_nucleo_f334r8\Nucleo_read_analog_value/mbed/TARGET_NUCLEO_F334R8/TOOLCHAIN_GCC_ARM/retarget.o
                0x08001d78                _sbrk
 .text._exit    0x08001da0       0x24 C:\Users\Guitarman\Dropbox\Finale jaar projek\Nucleo_read_analog_value_coide_nucleo_f334r8\Nucleo_read_analog_value/mbed/TARGET_NUCLEO_F334R8/TOOLCHAIN_GCC_ARM/retarget.o
                0x08001da0                _exit
 .text._ZN4mbed26mbed_set_unbuffered_streamEP7__sFILE
                0x08001dc4        0x8 C:\Users\Guitarman\Dropbox\Finale jaar projek\Nucleo_read_analog_value_coide_nucleo_f334r8\Nucleo_read_analog_value/mbed/TARGET_NUCLEO_F334R8/TOOLCHAIN_GCC_ARM/retarget.o
                0x08001dc4                mbed::mbed_set_unbuffered_stream(__sFILE*)
 .text._ZN4mbed9mbed_getsEPciP7__sFILE
                0x08001dcc        0x4 C:\Users\Guitarman\Dropbox\Finale jaar projek\Nucleo_read_analog_value_coide_nucleo_f334r8\Nucleo_read_analog_value/mbed/TARGET_NUCLEO_F334R8/TOOLCHAIN_GCC_ARM/retarget.o
                0x08001dcc                mbed::mbed_gets(char*, int, __sFILE*)
 .text.HAL_DMA_Init
                0x08001dd0       0x50 C:\Users\Guitarman\Dropbox\Finale jaar projek\Nucleo_read_analog_value_coide_nucleo_f334r8\Nucleo_read_analog_value/mbed/TARGET_NUCLEO_F334R8/TOOLCHAIN_GCC_ARM/stm32f3xx_hal_dma.o
                0x08001dd0                HAL_DMA_Init
 .text.ADC_Disable
                0x08001e20       0x6c C:\Users\Guitarman\Dropbox\Finale jaar projek\Nucleo_read_analog_value_coide_nucleo_f334r8\Nucleo_read_analog_value/mbed/TARGET_NUCLEO_F334R8/TOOLCHAIN_GCC_ARM/stm32f3xx_hal_adc_ex.o
 .text.ADC_Enable
                0x08001e8c       0x60 C:\Users\Guitarman\Dropbox\Finale jaar projek\Nucleo_read_analog_value_coide_nucleo_f334r8\Nucleo_read_analog_value/mbed/TARGET_NUCLEO_F334R8/TOOLCHAIN_GCC_ARM/stm32f3xx_hal_adc_ex.o
 .text.HAL_ADC_Init
                0x08001eec      0x190 C:\Users\Guitarman\Dropbox\Finale jaar projek\Nucleo_read_analog_value_coide_nucleo_f334r8\Nucleo_read_analog_value/mbed/TARGET_NUCLEO_F334R8/TOOLCHAIN_GCC_ARM/stm32f3xx_hal_adc_ex.o
                0x08001eec                HAL_ADC_Init
 .text.HAL_ADC_Start
                0x0800207c       0x64 C:\Users\Guitarman\Dropbox\Finale jaar projek\Nucleo_read_analog_value_coide_nucleo_f334r8\Nucleo_read_analog_value/mbed/TARGET_NUCLEO_F334R8/TOOLCHAIN_GCC_ARM/stm32f3xx_hal_adc_ex.o
                0x0800207c                HAL_ADC_Start
 .text.HAL_ADC_GetValue
                0x080020e0        0xc C:\Users\Guitarman\Dropbox\Finale jaar projek\Nucleo_read_analog_value_coide_nucleo_f334r8\Nucleo_read_analog_value/mbed/TARGET_NUCLEO_F334R8/TOOLCHAIN_GCC_ARM/stm32f3xx_hal_adc_ex.o
                0x080020e0                HAL_ADC_GetValue
 .text.HAL_ADC_ConfigChannel
                0x080020ec      0x324 C:\Users\Guitarman\Dropbox\Finale jaar projek\Nucleo_read_analog_value_coide_nucleo_f334r8\Nucleo_read_analog_value/mbed/TARGET_NUCLEO_F334R8/TOOLCHAIN_GCC_ARM/stm32f3xx_hal_adc_ex.o
                0x080020ec                HAL_ADC_ConfigChannel
 .text._Z12Flanger_initssssddd
                0x08002410       0x94 ..\obj\flanger.o
                0x08002410                Flanger_init(short, short, short, short, double, double, double)
 .text._Z15Flanger_processd
                0x080024a4        0x4 ..\obj\flanger.o
                0x080024a4                Flanger_process(double)
 .text._Z13Flanger_sweepv
                0x080024a8       0xa4 ..\obj\flanger.o
                0x080024a8                Flanger_sweep()
 .text._Z12Tremolo_initsd
                0x0800254c       0x40 ..\obj\tremolo.o
                0x0800254c                Tremolo_init(short, double)
 .text._Z15Tremolo_processd
                0x0800258c       0x58 ..\obj\tremolo.o
                0x0800258c                Tremolo_process(double)
 .text._Z13Tremolo_sweepv
                0x080025e4       0x34 ..\obj\tremolo.o
                0x080025e4                Tremolo_sweep()
 .text._Z5cleanf
                0x08002618       0x2c ..\obj\effects.o
                0x08002618                clean(float)
 .text._Z10ez_distortf
                0x08002644       0x78 ..\obj\effects.o
                0x08002644                ez_distort(float)
 .text._Z11ez_distort2f
                0x080026bc       0x74 ..\obj\effects.o
                0x080026bc                ez_distort2(float)
 .text._Z7tremolof
                0x08002730       0xd4 ..\obj\effects.o
                0x08002730                tremolo(float)
 *fill*         0x08002804        0x4 
 .text._Z7flangerf
                0x08002808       0x58 ..\obj\effects.o
                0x08002808                flanger(float)
 .text._Z8tremolo2f
                0x08002860       0xa0 ..\obj\effects.o
                0x08002860                tremolo2(float)
 .text._Z5delayf
                0x08002900       0x34 ..\obj\effects.o
                0x08002900                delay(float)
 .text._Z25set_modifications_defaultv
                0x08002934       0x18 ..\obj\effects.o
                0x08002934                set_modifications_default()
 *fill*         0x0800294c        0x4 
 .text._Z12init_effectsv
                0x08002950       0xa4 ..\obj\effects.o
                0x08002950                init_effects()
 .text._Z15Delay_set_delayd
                0x080029f4       0x30 ..\obj\delay.o
                0x080029f4                Delay_set_delay(double)
 .text._Z10Delay_Initdddd
                0x08002a24       0x30 ..\obj\delay.o
                0x08002a24                Delay_Init(double, double, double, double)
 .text._Z10Delay_taskd
                0x08002a54       0x90 ..\obj\delay.o
                0x08002a54                Delay_task(double)
 .text._Z17delay_effect_initv
                0x08002ae4       0x2c ..\obj\delay_effect.o
                0x08002ae4                delay_effect_init()
 .text._Z18delayLine_readNextf
                0x08002b10       0x24 ..\obj\delay_effect.o
                0x08002b10                delayLine_readNext(float)
 .text._Z19delayLine_writeNextf
                0x08002b34       0x24 ..\obj\delay_effect.o
                0x08002b34                delayLine_writeNext(float)
 .text._Z6sdelayff
                0x08002b58       0x38 ..\obj\delay_effect.o
                0x08002b58                sdelay(float, float)
 .text._ZN4mbed10SerialBaseD2Ev
                0x08002b90        0x2 ..\obj\main.o
                0x08002b90                mbed::SerialBase::~SerialBase()
                0x08002b90                mbed::SerialBase::~SerialBase()
 *fill*         0x08002b92        0x2 
 .text.gpio_read
                0x08002b94       0x30 ..\obj\main.o
 .text._ZN4mbed6SerialD2Ev
                0x08002bc4       0x20 ..\obj\main.o
                0x08002bc4                mbed::Serial::~Serial()
                0x08002bc4                mbed::Serial::~Serial()
 .text._ZN4mbed6SerialD1Ev
                0x08002be4       0x10 ..\obj\main.o
                0x08002be4                non-virtual thunk to mbed::Serial::~Serial()
                0x08002bec                non-virtual thunk to mbed::Serial::~Serial()
 .text._ZN4mbed10SerialBaseD0Ev
                0x08002bf4        0xc ..\obj\main.o
                0x08002bf4                mbed::SerialBase::~SerialBase()
 .text.gpio_write.constprop.1
                0x08002c00       0x34 ..\obj\main.o
 .text._ZN4mbed9DigitalInC2E7PinName7PinMode
                0x08002c34       0x1e ..\obj\main.o
                0x08002c34                mbed::DigitalIn::DigitalIn(PinName, PinMode)
                0x08002c34                mbed::DigitalIn::DigitalIn(PinName, PinMode)
 *fill*         0x08002c52        0x2 
 .text._Z10update_lcdv
                0x08002c54      0x208 ..\obj\main.o
                0x08002c54                update_lcd()
 .text._Z4sendci
                0x08002e5c       0x14 ..\obj\main.o
                0x08002e5c                send(char, int)
 .text._Z17send_effect_statev
                0x08002e70       0x10 ..\obj\main.o
                0x08002e70                send_effect_state()
 .text._Z15send_mods_statev
                0x08002e80       0x4c ..\obj\main.o
                0x08002e80                send_mods_state()
 .text._Z14button_controlv
                0x08002ecc      0x1dc ..\obj\main.o
                0x08002ecc                button_control()
 .text.startup.main
                0x080030a8      0x234 ..\obj\main.o
                0x080030a8                main
 .text._Z8callbackv
                0x080032dc       0x9c ..\obj\main.o
                0x080032dc                callback()
 .text._ZN4mbed6SerialD0Ev
                0x08003378       0x1e ..\obj\main.o
                0x08003378                mbed::Serial::~Serial()
                0x0800338a                non-virtual thunk to mbed::Serial::~Serial()
                0x08003390                non-virtual thunk to mbed::Serial::~Serial()
 *fill*         0x08003396        0x2 
 .text.startup._GLOBAL__sub_I_effect_state
                0x08003398       0xa4 ..\obj\main.o
 .text.gpio_write
                0x0800343c       0x30 ..\obj\NOKIA_5110.o
 .text._ZN4mbed10DigitalOutC2E7PinName
                0x0800346c       0x1a ..\obj\NOKIA_5110.o
                0x0800346c                mbed::DigitalOut::DigitalOut(PinName)
                0x0800346c                mbed::DigitalOut::DigitalOut(PinName)
 *fill*         0x08003486        0x2 
 .text._ZN8NokiaLcdC2E7LcdPins
                0x08003488       0xa8 ..\obj\NOKIA_5110.o
                0x08003488                NokiaLcd::NokiaLcd(LcdPins)
                0x08003488                NokiaLcd::NokiaLcd(LcdPins)
 .text._ZN8NokiaLcd11ClearLcdMemEv
                0x08003530       0x18 ..\obj\NOKIA_5110.o
                0x08003530                NokiaLcd::ClearLcdMem()
 .text._ZN8NokiaLcd8ResetLcdEv
                0x08003548       0x1c ..\obj\NOKIA_5110.o
                0x08003548                NokiaLcd::ResetLcd()
 .text._ZN8NokiaLcd18CreateFunctionCharEv
                0x08003564       0x10 ..\obj\NOKIA_5110.o
                0x08003564                NokiaLcd::CreateFunctionChar()
 .text._ZN8NokiaLcd12SendDrawDataEc
                0x08003574        0x8 ..\obj\NOKIA_5110.o
                0x08003574                NokiaLcd::SendDrawData(char)
 .text._ZN8NokiaLcd10DrawStringEPc
                0x0800357c       0x44 ..\obj\NOKIA_5110.o
                0x0800357c                NokiaLcd::DrawString(char*)
 .text._ZN8NokiaLcd12SendFunctionEc
                0x080035c0       0x28 ..\obj\NOKIA_5110.o
                0x080035c0                NokiaLcd::SendFunction(char)
 .text._ZN8NokiaLcd7InitLcdEv
                0x080035e8       0x68 ..\obj\NOKIA_5110.o
                0x080035e8                NokiaLcd::InitLcd()
 .text._ZN8NokiaLcd5SetXYEcc
                0x08003650       0x26 ..\obj\NOKIA_5110.o
                0x08003650                NokiaLcd::SetXY(char, char)
 *fill*         0x08003676        0x2 
 .text.analogout_init
                0x08003678      0x11c C:\Users\Guitarman\Dropbox\Finale jaar projek\Nucleo_read_analog_value_coide_nucleo_f334r8\Nucleo_read_analog_value/mbed/TARGET_NUCLEO_F334R8/TOOLCHAIN_GCC_ARM\libmbed.a(analogout_api.o)
                0x08003678                analogout_init
 .text.analogout_write
                0x08003794       0xd4 C:\Users\Guitarman\Dropbox\Finale jaar projek\Nucleo_read_analog_value_coide_nucleo_f334r8\Nucleo_read_analog_value/mbed/TARGET_NUCLEO_F334R8/TOOLCHAIN_GCC_ARM\libmbed.a(analogout_api.o)
                0x08003794                analogout_write
 .text.Set_GPIO_Clock
                0x08003868       0x7c C:\Users\Guitarman\Dropbox\Finale jaar projek\Nucleo_read_analog_value_coide_nucleo_f334r8\Nucleo_read_analog_value/mbed/TARGET_NUCLEO_F334R8/TOOLCHAIN_GCC_ARM\libmbed.a(pinmap.o)
                0x08003868                Set_GPIO_Clock
 .text.pin_function
                0x080038e4       0x60 C:\Users\Guitarman\Dropbox\Finale jaar projek\Nucleo_read_analog_value_coide_nucleo_f334r8\Nucleo_read_analog_value/mbed/TARGET_NUCLEO_F334R8/TOOLCHAIN_GCC_ARM\libmbed.a(pinmap.o)
                0x080038e4                pin_function
 .text.pin_mode
                0x08003944       0x50 C:\Users\Guitarman\Dropbox\Finale jaar projek\Nucleo_read_analog_value_coide_nucleo_f334r8\Nucleo_read_analog_value/mbed/TARGET_NUCLEO_F334R8/TOOLCHAIN_GCC_ARM\libmbed.a(pinmap.o)
                0x08003944                pin_mode
 .text.init_uart
                0x08003994       0x50 C:\Users\Guitarman\Dropbox\Finale jaar projek\Nucleo_read_analog_value_coide_nucleo_f334r8\Nucleo_read_analog_value/mbed/TARGET_NUCLEO_F334R8/TOOLCHAIN_GCC_ARM\libmbed.a(serial_api.o)
 .text.uart_irq
                0x080039e4       0x60 C:\Users\Guitarman\Dropbox\Finale jaar projek\Nucleo_read_analog_value_coide_nucleo_f334r8\Nucleo_read_analog_value/mbed/TARGET_NUCLEO_F334R8/TOOLCHAIN_GCC_ARM\libmbed.a(serial_api.o)
 .text.uart1_irq
                0x08003a44        0xc C:\Users\Guitarman\Dropbox\Finale jaar projek\Nucleo_read_analog_value_coide_nucleo_f334r8\Nucleo_read_analog_value/mbed/TARGET_NUCLEO_F334R8/TOOLCHAIN_GCC_ARM\libmbed.a(serial_api.o)
 .text.uart2_irq
                0x08003a50        0xc C:\Users\Guitarman\Dropbox\Finale jaar projek\Nucleo_read_analog_value_coide_nucleo_f334r8\Nucleo_read_analog_value/mbed/TARGET_NUCLEO_F334R8/TOOLCHAIN_GCC_ARM\libmbed.a(serial_api.o)
 .text.uart3_irq
                0x08003a5c        0xc C:\Users\Guitarman\Dropbox\Finale jaar projek\Nucleo_read_analog_value_coide_nucleo_f334r8\Nucleo_read_analog_value/mbed/TARGET_NUCLEO_F334R8/TOOLCHAIN_GCC_ARM\libmbed.a(serial_api.o)
 .text.serial_init
                0x08003a68      0x124 C:\Users\Guitarman\Dropbox\Finale jaar projek\Nucleo_read_analog_value_coide_nucleo_f334r8\Nucleo_read_analog_value/mbed/TARGET_NUCLEO_F334R8/TOOLCHAIN_GCC_ARM\libmbed.a(serial_api.o)
                0x08003a68                serial_init
 .text.serial_baud
                0x08003b8c        0x8 C:\Users\Guitarman\Dropbox\Finale jaar projek\Nucleo_read_analog_value_coide_nucleo_f334r8\Nucleo_read_analog_value/mbed/TARGET_NUCLEO_F334R8/TOOLCHAIN_GCC_ARM\libmbed.a(serial_api.o)
                0x08003b8c                serial_baud
 .text.serial_irq_handler
                0x08003b94       0x1c C:\Users\Guitarman\Dropbox\Finale jaar projek\Nucleo_read_analog_value_coide_nucleo_f334r8\Nucleo_read_analog_value/mbed/TARGET_NUCLEO_F334R8/TOOLCHAIN_GCC_ARM\libmbed.a(serial_api.o)
                0x08003b94                serial_irq_handler
 .text.serial_irq_set
                0x08003bb0       0xbc C:\Users\Guitarman\Dropbox\Finale jaar projek\Nucleo_read_analog_value_coide_nucleo_f334r8\Nucleo_read_analog_value/mbed/TARGET_NUCLEO_F334R8/TOOLCHAIN_GCC_ARM\libmbed.a(serial_api.o)
                0x08003bb0                serial_irq_set
 .text.serial_getc
                0x08003c6c       0x20 C:\Users\Guitarman\Dropbox\Finale jaar projek\Nucleo_read_analog_value_coide_nucleo_f334r8\Nucleo_read_analog_value/mbed/TARGET_NUCLEO_F334R8/TOOLCHAIN_GCC_ARM\libmbed.a(serial_api.o)
                0x08003c6c                serial_getc
 .text.serial_putc
                0x08003c8c       0x24 C:\Users\Guitarman\Dropbox\Finale jaar projek\Nucleo_read_analog_value_coide_nucleo_f334r8\Nucleo_read_analog_value/mbed/TARGET_NUCLEO_F334R8/TOOLCHAIN_GCC_ARM\libmbed.a(serial_api.o)
                0x08003c8c                serial_putc
 .text._ZN4mbed8FilePathC2EPKc
                0x08003cb0       0x58 C:\Users\Guitarman\Dropbox\Finale jaar projek\Nucleo_read_analog_value_coide_nucleo_f334r8\Nucleo_read_analog_value/mbed/TARGET_NUCLEO_F334R8/TOOLCHAIN_GCC_ARM\libmbed.a(FilePath.o)
                0x08003cb0                mbed::FilePath::FilePath(char const*)
                0x08003cb0                mbed::FilePath::FilePath(char const*)
 .text._ZN4mbed8FilePath8fileNameEv
                0x08003d08        0x4 C:\Users\Guitarman\Dropbox\Finale jaar projek\Nucleo_read_analog_value_coide_nucleo_f334r8\Nucleo_read_analog_value/mbed/TARGET_NUCLEO_F334R8/TOOLCHAIN_GCC_ARM\libmbed.a(FilePath.o)
                0x08003d08                mbed::FilePath::fileName()
 .text._ZN4mbed8FilePath10fileSystemEv
                0x08003d0c       0x18 C:\Users\Guitarman\Dropbox\Finale jaar projek\Nucleo_read_analog_value_coide_nucleo_f334r8\Nucleo_read_analog_value/mbed/TARGET_NUCLEO_F334R8/TOOLCHAIN_GCC_ARM\libmbed.a(FilePath.o)
                0x08003d0c                mbed::FilePath::fileSystem()
 .text._ZN4mbed8FilePath6isFileEv
                0x08003d24       0x14 C:\Users\Guitarman\Dropbox\Finale jaar projek\Nucleo_read_analog_value_coide_nucleo_f334r8\Nucleo_read_analog_value/mbed/TARGET_NUCLEO_F334R8/TOOLCHAIN_GCC_ARM\libmbed.a(FilePath.o)
                0x08003d24                mbed::FilePath::isFile()
 .text._ZN4mbed8FilePath4fileEv
                0x08003d38       0x1c C:\Users\Guitarman\Dropbox\Finale jaar projek\Nucleo_read_analog_value_coide_nucleo_f334r8\Nucleo_read_analog_value/mbed/TARGET_NUCLEO_F334R8/TOOLCHAIN_GCC_ARM\libmbed.a(FilePath.o)
                0x08003d38                mbed::FilePath::file()
 .text._ZN4mbed8FilePath6existsEv
                0x08003d54        0xc C:\Users\Guitarman\Dropbox\Finale jaar projek\Nucleo_read_analog_value_coide_nucleo_f334r8\Nucleo_read_analog_value/mbed/TARGET_NUCLEO_F334R8/TOOLCHAIN_GCC_ARM\libmbed.a(FilePath.o)
                0x08003d54                mbed::FilePath::exists()
 .text._ZN4mbed3SPID2Ev
                0x08003d60        0xc C:\Users\Guitarman\Dropbox\Finale jaar projek\Nucleo_read_analog_value_coide_nucleo_f334r8\Nucleo_read_analog_value/mbed/TARGET_NUCLEO_F334R8/TOOLCHAIN_GCC_ARM\libmbed.a(SPI.o)
                0x08003d60                mbed::SPI::~SPI()
                0x08003d60                mbed::SPI::~SPI()
 .text._ZN4mbed3SPID0Ev
                0x08003d6c       0x14 C:\Users\Guitarman\Dropbox\Finale jaar projek\Nucleo_read_analog_value_coide_nucleo_f334r8\Nucleo_read_analog_value/mbed/TARGET_NUCLEO_F334R8/TOOLCHAIN_GCC_ARM\libmbed.a(SPI.o)
                0x08003d6c                mbed::SPI::~SPI()
 .text._ZN4mbed3SPIC2E7PinNameS1_S1_S1_
                0x08003d80       0x68 C:\Users\Guitarman\Dropbox\Finale jaar projek\Nucleo_read_analog_value_coide_nucleo_f334r8\Nucleo_read_analog_value/mbed/TARGET_NUCLEO_F334R8/TOOLCHAIN_GCC_ARM\libmbed.a(SPI.o)
                0x08003d80                mbed::SPI::SPI(PinName, PinName, PinName, PinName)
                0x08003d80                mbed::SPI::SPI(PinName, PinName, PinName, PinName)
 .text._ZN4mbed3SPI6aquireEv
                0x08003de8       0x2c C:\Users\Guitarman\Dropbox\Finale jaar projek\Nucleo_read_analog_value_coide_nucleo_f334r8\Nucleo_read_analog_value/mbed/TARGET_NUCLEO_F334R8/TOOLCHAIN_GCC_ARM\libmbed.a(SPI.o)
                0x08003de8                mbed::SPI::aquire()
 .text._ZN4mbed3SPI6formatEii
                0x08003e14       0x18 C:\Users\Guitarman\Dropbox\Finale jaar projek\Nucleo_read_analog_value_coide_nucleo_f334r8\Nucleo_read_analog_value/mbed/TARGET_NUCLEO_F334R8/TOOLCHAIN_GCC_ARM\libmbed.a(SPI.o)
                0x08003e14                mbed::SPI::format(int, int)
 .text._ZN4mbed3SPI9frequencyEi
                0x08003e2c       0x10 C:\Users\Guitarman\Dropbox\Finale jaar projek\Nucleo_read_analog_value_coide_nucleo_f334r8\Nucleo_read_analog_value/mbed/TARGET_NUCLEO_F334R8/TOOLCHAIN_GCC_ARM\libmbed.a(SPI.o)
                0x08003e2c                mbed::SPI::frequency(int)
 .text._ZN4mbed3SPI5writeEi
                0x08003e3c       0x18 C:\Users\Guitarman\Dropbox\Finale jaar projek\Nucleo_read_analog_value_coide_nucleo_f334r8\Nucleo_read_analog_value/mbed/TARGET_NUCLEO_F334R8/TOOLCHAIN_GCC_ARM\libmbed.a(SPI.o)
                0x08003e3c                mbed::SPI::write(int)
 .text._ZN4mbed6Serial5_getcEv
                0x08003e54        0x4 C:\Users\Guitarman\Dropbox\Finale jaar projek\Nucleo_read_analog_value_coide_nucleo_f334r8\Nucleo_read_analog_value/mbed/TARGET_NUCLEO_F334R8/TOOLCHAIN_GCC_ARM\libmbed.a(Serial.o)
                0x08003e54                mbed::Serial::_getc()
 .text._ZThn84_N4mbed6Serial5_getcEv
                0x08003e58        0x8 C:\Users\Guitarman\Dropbox\Finale jaar projek\Nucleo_read_analog_value_coide_nucleo_f334r8\Nucleo_read_analog_value/mbed/TARGET_NUCLEO_F334R8/TOOLCHAIN_GCC_ARM\libmbed.a(Serial.o)
                0x08003e58                non-virtual thunk to mbed::Serial::_getc()
 .text._ZN4mbed6Serial5_putcEi
                0x08003e60        0x4 C:\Users\Guitarman\Dropbox\Finale jaar projek\Nucleo_read_analog_value_coide_nucleo_f334r8\Nucleo_read_analog_value/mbed/TARGET_NUCLEO_F334R8/TOOLCHAIN_GCC_ARM\libmbed.a(Serial.o)
                0x08003e60                mbed::Serial::_putc(int)
 .text._ZThn84_N4mbed6Serial5_putcEi
                0x08003e64        0x8 C:\Users\Guitarman\Dropbox\Finale jaar projek\Nucleo_read_analog_value_coide_nucleo_f334r8\Nucleo_read_analog_value/mbed/TARGET_NUCLEO_F334R8/TOOLCHAIN_GCC_ARM\libmbed.a(Serial.o)
                0x08003e64                non-virtual thunk to mbed::Serial::_putc(int)
 .text._ZN4mbed6SerialC2E7PinNameS1_PKc
                0x08003e6c       0x30 C:\Users\Guitarman\Dropbox\Finale jaar projek\Nucleo_read_analog_value_coide_nucleo_f334r8\Nucleo_read_analog_value/mbed/TARGET_NUCLEO_F334R8/TOOLCHAIN_GCC_ARM\libmbed.a(Serial.o)
                0x08003e6c                mbed::Serial::Serial(PinName, PinName, char const*)
                0x08003e6c                mbed::Serial::Serial(PinName, PinName, char const*)
 .text._ZN4mbed10SerialBase12_irq_handlerEm9SerialIrq
                0x08003e9c       0x24 C:\Users\Guitarman\Dropbox\Finale jaar projek\Nucleo_read_analog_value_coide_nucleo_f334r8\Nucleo_read_analog_value/mbed/TARGET_NUCLEO_F334R8/TOOLCHAIN_GCC_ARM\libmbed.a(SerialBase.o)
                0x08003e9c                mbed::SerialBase::_irq_handler(unsigned long, SerialIrq)
 .text._ZN4mbed10SerialBaseC2E7PinNameS1_
                0x08003ec0       0x48 C:\Users\Guitarman\Dropbox\Finale jaar projek\Nucleo_read_analog_value_coide_nucleo_f334r8\Nucleo_read_analog_value/mbed/TARGET_NUCLEO_F334R8/TOOLCHAIN_GCC_ARM\libmbed.a(SerialBase.o)
                0x08003ec0                mbed::SerialBase::SerialBase(PinName, PinName)
                0x08003ec0                mbed::SerialBase::SerialBase(PinName, PinName)
 .text._ZN4mbed10SerialBase4baudEi
                0x08003f08       0x10 C:\Users\Guitarman\Dropbox\Finale jaar projek\Nucleo_read_analog_value_coide_nucleo_f334r8\Nucleo_read_analog_value/mbed/TARGET_NUCLEO_F334R8/TOOLCHAIN_GCC_ARM\libmbed.a(SerialBase.o)
                0x08003f08                mbed::SerialBase::baud(int)
 .text._ZN4mbed10SerialBase6attachEPFvvENS0_7IrqTypeE
                0x08003f18       0x30 C:\Users\Guitarman\Dropbox\Finale jaar projek\Nucleo_read_analog_value_coide_nucleo_f334r8\Nucleo_read_analog_value/mbed/TARGET_NUCLEO_F334R8/TOOLCHAIN_GCC_ARM\libmbed.a(SerialBase.o)
                0x08003f18                mbed::SerialBase::attach(void (*)(), mbed::SerialBase::IrqType)
 .text._ZN4mbed10SerialBase10_base_getcEv
                0x08003f48        0x8 C:\Users\Guitarman\Dropbox\Finale jaar projek\Nucleo_read_analog_value_coide_nucleo_f334r8\Nucleo_read_analog_value/mbed/TARGET_NUCLEO_F334R8/TOOLCHAIN_GCC_ARM\libmbed.a(SerialBase.o)
                0x08003f48                mbed::SerialBase::_base_getc()
 .text._ZN4mbed10SerialBase10_base_putcEi
                0x08003f50       0x10 C:\Users\Guitarman\Dropbox\Finale jaar projek\Nucleo_read_analog_value_coide_nucleo_f334r8\Nucleo_read_analog_value/mbed/TARGET_NUCLEO_F334R8/TOOLCHAIN_GCC_ARM\libmbed.a(SerialBase.o)
                0x08003f50                mbed::SerialBase::_base_putc(int)
 .text._ZN4mbed6Stream5closeEv
                0x08003f60        0x4 C:\Users\Guitarman\Dropbox\Finale jaar projek\Nucleo_read_analog_value_coide_nucleo_f334r8\Nucleo_read_analog_value/mbed/TARGET_NUCLEO_F334R8/TOOLCHAIN_GCC_ARM\libmbed.a(Stream.o)
                0x08003f60                mbed::Stream::close()
 .text._ZN4mbed6Stream5writeEPKvj
                0x08003f64       0x30 C:\Users\Guitarman\Dropbox\Finale jaar projek\Nucleo_read_analog_value_coide_nucleo_f334r8\Nucleo_read_analog_value/mbed/TARGET_NUCLEO_F334R8/TOOLCHAIN_GCC_ARM\libmbed.a(Stream.o)
                0x08003f64                mbed::Stream::write(void const*, unsigned int)
 .text._ZN4mbed6Stream4readEPvj
                0x08003f94       0x30 C:\Users\Guitarman\Dropbox\Finale jaar projek\Nucleo_read_analog_value_coide_nucleo_f334r8\Nucleo_read_analog_value/mbed/TARGET_NUCLEO_F334R8/TOOLCHAIN_GCC_ARM\libmbed.a(Stream.o)
                0x08003f94                mbed::Stream::read(void*, unsigned int)
 .text._ZN4mbed6Stream5lseekEli
                0x08003fc4        0x4 C:\Users\Guitarman\Dropbox\Finale jaar projek\Nucleo_read_analog_value_coide_nucleo_f334r8\Nucleo_read_analog_value/mbed/TARGET_NUCLEO_F334R8/TOOLCHAIN_GCC_ARM\libmbed.a(Stream.o)
                0x08003fc4                mbed::Stream::lseek(long, int)
 .text._ZN4mbed6Stream6isattyEv
                0x08003fc8        0x4 C:\Users\Guitarman\Dropbox\Finale jaar projek\Nucleo_read_analog_value_coide_nucleo_f334r8\Nucleo_read_analog_value/mbed/TARGET_NUCLEO_F334R8/TOOLCHAIN_GCC_ARM\libmbed.a(Stream.o)
                0x08003fc8                mbed::Stream::isatty()
 .text._ZN4mbed6Stream5fsyncEv
                0x08003fcc        0x4 C:\Users\Guitarman\Dropbox\Finale jaar projek\Nucleo_read_analog_value_coide_nucleo_f334r8\Nucleo_read_analog_value/mbed/TARGET_NUCLEO_F334R8/TOOLCHAIN_GCC_ARM\libmbed.a(Stream.o)
                0x08003fcc                mbed::Stream::fsync()
 .text._ZN4mbed6Stream4flenEv
                0x08003fd0        0x4 C:\Users\Guitarman\Dropbox\Finale jaar projek\Nucleo_read_analog_value_coide_nucleo_f334r8\Nucleo_read_analog_value/mbed/TARGET_NUCLEO_F334R8/TOOLCHAIN_GCC_ARM\libmbed.a(Stream.o)
                0x08003fd0                mbed::Stream::flen()
 .text._ZN4mbed6StreamD2Ev
                0x08003fd4       0x24 C:\Users\Guitarman\Dropbox\Finale jaar projek\Nucleo_read_analog_value_coide_nucleo_f334r8\Nucleo_read_analog_value/mbed/TARGET_NUCLEO_F334R8/TOOLCHAIN_GCC_ARM\libmbed.a(Stream.o)
                0x08003fd4                mbed::Stream::~Stream()
                0x08003fd4                mbed::Stream::~Stream()
 .text._ZThn4_N4mbed6StreamD1Ev
                0x08003ff8        0x8 C:\Users\Guitarman\Dropbox\Finale jaar projek\Nucleo_read_analog_value_coide_nucleo_f334r8\Nucleo_read_analog_value/mbed/TARGET_NUCLEO_F334R8/TOOLCHAIN_GCC_ARM\libmbed.a(Stream.o)
                0x08003ff8                non-virtual thunk to mbed::Stream::~Stream()
 .text._ZN4mbed6StreamD0Ev
                0x08004000       0x14 C:\Users\Guitarman\Dropbox\Finale jaar projek\Nucleo_read_analog_value_coide_nucleo_f334r8\Nucleo_read_analog_value/mbed/TARGET_NUCLEO_F334R8/TOOLCHAIN_GCC_ARM\libmbed.a(Stream.o)
                0x08004000                mbed::Stream::~Stream()
 .text._ZThn4_N4mbed6StreamD0Ev
                0x08004014        0x8 C:\Users\Guitarman\Dropbox\Finale jaar projek\Nucleo_read_analog_value_coide_nucleo_f334r8\Nucleo_read_analog_value/mbed/TARGET_NUCLEO_F334R8/TOOLCHAIN_GCC_ARM\libmbed.a(Stream.o)
                0x08004014                non-virtual thunk to mbed::Stream::~Stream()
 .text._ZN4mbed6StreamC2EPKc
                0x0800401c       0x44 C:\Users\Guitarman\Dropbox\Finale jaar projek\Nucleo_read_analog_value_coide_nucleo_f334r8\Nucleo_read_analog_value/mbed/TARGET_NUCLEO_F334R8/TOOLCHAIN_GCC_ARM\libmbed.a(Stream.o)
                0x0800401c                mbed::Stream::Stream(char const*)
                0x0800401c                mbed::Stream::Stream(char const*)
 .text._ZN4mbed6Stream4getsEPci
                0x08004060       0x1c C:\Users\Guitarman\Dropbox\Finale jaar projek\Nucleo_read_analog_value_coide_nucleo_f334r8\Nucleo_read_analog_value/mbed/TARGET_NUCLEO_F334R8/TOOLCHAIN_GCC_ARM\libmbed.a(Stream.o)
                0x08004060                mbed::Stream::gets(char*, int)
 .text._ZN4mbed6Stream6printfEPKcz
                0x0800407c       0x2c C:\Users\Guitarman\Dropbox\Finale jaar projek\Nucleo_read_analog_value_coide_nucleo_f334r8\Nucleo_read_analog_value/mbed/TARGET_NUCLEO_F334R8/TOOLCHAIN_GCC_ARM\libmbed.a(Stream.o)
                0x0800407c                mbed::Stream::printf(char const*, ...)
 .text.mbed_assert_internal
                0x080040a8       0x2c C:\Users\Guitarman\Dropbox\Finale jaar projek\Nucleo_read_analog_value_coide_nucleo_f334r8\Nucleo_read_analog_value/mbed/TARGET_NUCLEO_F334R8/TOOLCHAIN_GCC_ARM\libmbed.a(assert.o)
                0x080040a8                mbed_assert_internal
 .text.error    0x080040d4       0x24 C:\Users\Guitarman\Dropbox\Finale jaar projek\Nucleo_read_analog_value_coide_nucleo_f334r8\Nucleo_read_analog_value/mbed/TARGET_NUCLEO_F334R8/TOOLCHAIN_GCC_ARM\libmbed.a(error.o)
                0x080040d4                error
 .text.gpio_init_in_ex
                0x080040f8       0x28 C:\Users\Guitarman\Dropbox\Finale jaar projek\Nucleo_read_analog_value_coide_nucleo_f334r8\Nucleo_read_analog_value/mbed/TARGET_NUCLEO_F334R8/TOOLCHAIN_GCC_ARM\libmbed.a(gpio.o)
                0x080040f8                gpio_init_in_ex
 .text.gpio_init_out
                0x08004120       0x48 C:\Users\Guitarman\Dropbox\Finale jaar projek\Nucleo_read_analog_value_coide_nucleo_f334r8\Nucleo_read_analog_value/mbed/TARGET_NUCLEO_F334R8/TOOLCHAIN_GCC_ARM\libmbed.a(gpio.o)
                0x08004120                gpio_init_out
 .text.pinmap_pinout
                0x08004168       0x44 C:\Users\Guitarman\Dropbox\Finale jaar projek\Nucleo_read_analog_value_coide_nucleo_f334r8\Nucleo_read_analog_value/mbed/TARGET_NUCLEO_F334R8/TOOLCHAIN_GCC_ARM\libmbed.a(pinmap_common.o)
                0x08004168                pinmap_pinout
 .text.pinmap_merge
                0x080041ac       0x24 C:\Users\Guitarman\Dropbox\Finale jaar projek\Nucleo_read_analog_value_coide_nucleo_f334r8\Nucleo_read_analog_value/mbed/TARGET_NUCLEO_F334R8/TOOLCHAIN_GCC_ARM\libmbed.a(pinmap_common.o)
                0x080041ac                pinmap_merge
 .text.pinmap_peripheral
                0x080041d0       0x34 C:\Users\Guitarman\Dropbox\Finale jaar projek\Nucleo_read_analog_value_coide_nucleo_f334r8\Nucleo_read_analog_value/mbed/TARGET_NUCLEO_F334R8/TOOLCHAIN_GCC_ARM\libmbed.a(pinmap_common.o)
                0x080041d0                pinmap_peripheral
 .text.pinmap_function
                0x08004204       0x34 C:\Users\Guitarman\Dropbox\Finale jaar projek\Nucleo_read_analog_value_coide_nucleo_f334r8\Nucleo_read_analog_value/mbed/TARGET_NUCLEO_F334R8/TOOLCHAIN_GCC_ARM\libmbed.a(pinmap_common.o)
                0x08004204                pinmap_function
 .text.us_ticker_irq_handler
                0x08004238        0xc C:\Users\Guitarman\Dropbox\Finale jaar projek\Nucleo_read_analog_value_coide_nucleo_f334r8\Nucleo_read_analog_value/mbed/TARGET_NUCLEO_F334R8/TOOLCHAIN_GCC_ARM\libmbed.a(us_ticker_api.o)
                0x08004238                us_ticker_irq_handler
 .text.wait_us  0x08004244       0x18 C:\Users\Guitarman\Dropbox\Finale jaar projek\Nucleo_read_analog_value_coide_nucleo_f334r8\Nucleo_read_analog_value/mbed/TARGET_NUCLEO_F334R8/TOOLCHAIN_GCC_ARM\libmbed.a(wait_api.o)
                0x08004244                wait_us
 .text.wait     0x0800425c       0x1c C:\Users\Guitarman\Dropbox\Finale jaar projek\Nucleo_read_analog_value_coide_nucleo_f334r8\Nucleo_read_analog_value/mbed/TARGET_NUCLEO_F334R8/TOOLCHAIN_GCC_ARM\libmbed.a(wait_api.o)
                0x0800425c                wait
 .text.wait_ms  0x08004278        0xc C:\Users\Guitarman\Dropbox\Finale jaar projek\Nucleo_read_analog_value_coide_nucleo_f334r8\Nucleo_read_analog_value/mbed/TARGET_NUCLEO_F334R8/TOOLCHAIN_GCC_ARM\libmbed.a(wait_api.o)
                0x08004278                wait_ms
 .text.gpio_set
                0x08004284       0x30 C:\Users\Guitarman\Dropbox\Finale jaar projek\Nucleo_read_analog_value_coide_nucleo_f334r8\Nucleo_read_analog_value/mbed/TARGET_NUCLEO_F334R8/TOOLCHAIN_GCC_ARM\libmbed.a(gpio_api.o)
                0x08004284                gpio_set
 .text.gpio_init
                0x080042b4       0x30 C:\Users\Guitarman\Dropbox\Finale jaar projek\Nucleo_read_analog_value_coide_nucleo_f334r8\Nucleo_read_analog_value/mbed/TARGET_NUCLEO_F334R8/TOOLCHAIN_GCC_ARM\libmbed.a(gpio_api.o)
                0x080042b4                gpio_init
 .text.gpio_mode
                0x080042e4        0x8 C:\Users\Guitarman\Dropbox\Finale jaar projek\Nucleo_read_analog_value_coide_nucleo_f334r8\Nucleo_read_analog_value/mbed/TARGET_NUCLEO_F334R8/TOOLCHAIN_GCC_ARM\libmbed.a(gpio_api.o)
                0x080042e4                gpio_mode
 .text.gpio_dir
                0x080042ec       0x40 C:\Users\Guitarman\Dropbox\Finale jaar projek\Nucleo_read_analog_value_coide_nucleo_f334r8\Nucleo_read_analog_value/mbed/TARGET_NUCLEO_F334R8/TOOLCHAIN_GCC_ARM\libmbed.a(gpio_api.o)
                0x080042ec                gpio_dir
 .text.init_spi
                0x0800432c       0x54 C:\Users\Guitarman\Dropbox\Finale jaar projek\Nucleo_read_analog_value_coide_nucleo_f334r8\Nucleo_read_analog_value/mbed/TARGET_NUCLEO_F334R8/TOOLCHAIN_GCC_ARM\libmbed.a(spi_api.o)
 .text.spi_init
                0x08004380       0xf8 C:\Users\Guitarman\Dropbox\Finale jaar projek\Nucleo_read_analog_value_coide_nucleo_f334r8\Nucleo_read_analog_value/mbed/TARGET_NUCLEO_F334R8/TOOLCHAIN_GCC_ARM\libmbed.a(spi_api.o)
                0x08004380                spi_init
 .text.spi_format
                0x08004478       0x5c C:\Users\Guitarman\Dropbox\Finale jaar projek\Nucleo_read_analog_value_coide_nucleo_f334r8\Nucleo_read_analog_value/mbed/TARGET_NUCLEO_F334R8/TOOLCHAIN_GCC_ARM\libmbed.a(spi_api.o)
                0x08004478                spi_format
 .text.spi_frequency
                0x080044d4      0x10c C:\Users\Guitarman\Dropbox\Finale jaar projek\Nucleo_read_analog_value_coide_nucleo_f334r8\Nucleo_read_analog_value/mbed/TARGET_NUCLEO_F334R8/TOOLCHAIN_GCC_ARM\libmbed.a(spi_api.o)
                0x080044d4                spi_frequency
 .text.spi_master_write
                0x080045e0       0x40 C:\Users\Guitarman\Dropbox\Finale jaar projek\Nucleo_read_analog_value_coide_nucleo_f334r8\Nucleo_read_analog_value/mbed/TARGET_NUCLEO_F334R8/TOOLCHAIN_GCC_ARM\libmbed.a(spi_api.o)
                0x080045e0                spi_master_write
 .text.us_ticker_init
                0x08004620       0x2c C:\Users\Guitarman\Dropbox\Finale jaar projek\Nucleo_read_analog_value_coide_nucleo_f334r8\Nucleo_read_analog_value/mbed/TARGET_NUCLEO_F334R8/TOOLCHAIN_GCC_ARM\libmbed.a(us_ticker.o)
                0x08004620                us_ticker_init
 .text.us_ticker_read
                0x0800464c       0x18 C:\Users\Guitarman\Dropbox\Finale jaar projek\Nucleo_read_analog_value_coide_nucleo_f334r8\Nucleo_read_analog_value/mbed/TARGET_NUCLEO_F334R8/TOOLCHAIN_GCC_ARM\libmbed.a(us_ticker.o)
                0x0800464c                us_ticker_read
 .text.us_ticker_set_interrupt
                0x08004664       0x14 C:\Users\Guitarman\Dropbox\Finale jaar projek\Nucleo_read_analog_value_coide_nucleo_f334r8\Nucleo_read_analog_value/mbed/TARGET_NUCLEO_F334R8/TOOLCHAIN_GCC_ARM\libmbed.a(us_ticker.o)
                0x08004664                us_ticker_set_interrupt
 .text.us_ticker_disable_interrupt
                0x08004678       0x14 C:\Users\Guitarman\Dropbox\Finale jaar projek\Nucleo_read_analog_value_coide_nucleo_f334r8\Nucleo_read_analog_value/mbed/TARGET_NUCLEO_F334R8/TOOLCHAIN_GCC_ARM\libmbed.a(us_ticker.o)
                0x08004678                us_ticker_disable_interrupt
 .text.us_ticker_clear_interrupt
                0x0800468c       0x10 C:\Users\Guitarman\Dropbox\Finale jaar projek\Nucleo_read_analog_value_coide_nucleo_f334r8\Nucleo_read_analog_value/mbed/TARGET_NUCLEO_F334R8/TOOLCHAIN_GCC_ARM\libmbed.a(us_ticker.o)
                0x0800468c                us_ticker_clear_interrupt
 .text._ZN4mbed8FileLikeD2Ev
                0x0800469c       0x24 C:\Users\Guitarman\Dropbox\Finale jaar projek\Nucleo_read_analog_value_coide_nucleo_f334r8\Nucleo_read_analog_value/mbed/TARGET_NUCLEO_F334R8/TOOLCHAIN_GCC_ARM\libmbed.a(FileLike.o)
                0x0800469c                mbed::FileLike::~FileLike()
                0x0800469c                mbed::FileLike::~FileLike()
 .text._ZThn4_N4mbed8FileLikeD1Ev
                0x080046c0        0x8 C:\Users\Guitarman\Dropbox\Finale jaar projek\Nucleo_read_analog_value_coide_nucleo_f334r8\Nucleo_read_analog_value/mbed/TARGET_NUCLEO_F334R8/TOOLCHAIN_GCC_ARM\libmbed.a(FileLike.o)
                0x080046c0                non-virtual thunk to mbed::FileLike::~FileLike()
 .text._ZN4mbed8FileLikeD0Ev
                0x080046c8       0x2c C:\Users\Guitarman\Dropbox\Finale jaar projek\Nucleo_read_analog_value_coide_nucleo_f334r8\Nucleo_read_analog_value/mbed/TARGET_NUCLEO_F334R8/TOOLCHAIN_GCC_ARM\libmbed.a(FileLike.o)
                0x080046c8                mbed::FileLike::~FileLike()
 .text._ZThn4_N4mbed8FileLikeD0Ev
                0x080046f4        0x8 C:\Users\Guitarman\Dropbox\Finale jaar projek\Nucleo_read_analog_value_coide_nucleo_f334r8\Nucleo_read_analog_value/mbed/TARGET_NUCLEO_F334R8/TOOLCHAIN_GCC_ARM\libmbed.a(FileLike.o)
                0x080046f4                non-virtual thunk to mbed::FileLike::~FileLike()
 .text._ZN4mbed8FileLikeC2EPKc
                0x080046fc       0x28 C:\Users\Guitarman\Dropbox\Finale jaar projek\Nucleo_read_analog_value_coide_nucleo_f334r8\Nucleo_read_analog_value/mbed/TARGET_NUCLEO_F334R8/TOOLCHAIN_GCC_ARM\libmbed.a(FileLike.o)
                0x080046fc                mbed::FileLike::FileLike(char const*)
                0x080046fc                mbed::FileLike::FileLike(char const*)
 .text._ZN4mbed8FileBaseD2Ev
                0x08004724       0x30 C:\Users\Guitarman\Dropbox\Finale jaar projek\Nucleo_read_analog_value_coide_nucleo_f334r8\Nucleo_read_analog_value/mbed/TARGET_NUCLEO_F334R8/TOOLCHAIN_GCC_ARM\libmbed.a(FileBase.o)
                0x08004724                mbed::FileBase::~FileBase()
                0x08004724                mbed::FileBase::~FileBase()
 .text._ZN4mbed8FileBaseD0Ev
                0x08004754       0x3c C:\Users\Guitarman\Dropbox\Finale jaar projek\Nucleo_read_analog_value_coide_nucleo_f334r8\Nucleo_read_analog_value/mbed/TARGET_NUCLEO_F334R8/TOOLCHAIN_GCC_ARM\libmbed.a(FileBase.o)
                0x08004754                mbed::FileBase::~FileBase()
 .text._ZN4mbed8FileBaseC2EPKcNS_8PathTypeE
                0x08004790       0x20 C:\Users\Guitarman\Dropbox\Finale jaar projek\Nucleo_read_analog_value_coide_nucleo_f334r8\Nucleo_read_analog_value/mbed/TARGET_NUCLEO_F334R8/TOOLCHAIN_GCC_ARM\libmbed.a(FileBase.o)
                0x08004790                mbed::FileBase::FileBase(char const*, mbed::PathType)
                0x08004790                mbed::FileBase::FileBase(char const*, mbed::PathType)
 .text._ZN4mbed8FileBase6lookupEPKcj
                0x080047b0       0x3c C:\Users\Guitarman\Dropbox\Finale jaar projek\Nucleo_read_analog_value_coide_nucleo_f334r8\Nucleo_read_analog_value/mbed/TARGET_NUCLEO_F334R8/TOOLCHAIN_GCC_ARM\libmbed.a(FileBase.o)
                0x080047b0                mbed::FileBase::lookup(char const*, unsigned int)
 .text._ZN4mbed8FileBase11getPathTypeEv
                0x080047ec        0x4 C:\Users\Guitarman\Dropbox\Finale jaar projek\Nucleo_read_analog_value_coide_nucleo_f334r8\Nucleo_read_analog_value/mbed/TARGET_NUCLEO_F334R8/TOOLCHAIN_GCC_ARM\libmbed.a(FileBase.o)
                0x080047ec                mbed::FileBase::getPathType()
 .text.ticker_irq_handler
                0x080047f0       0x48 C:\Users\Guitarman\Dropbox\Finale jaar projek\Nucleo_read_analog_value_coide_nucleo_f334r8\Nucleo_read_analog_value/mbed/TARGET_NUCLEO_F334R8/TOOLCHAIN_GCC_ARM\libmbed.a(ticker_api.o)
                0x080047f0                ticker_irq_handler
 .text.__aeabi_atexit
                0x08004838        0xa c:/program files (x86)/gnu tools arm embedded/4.9 2015q2/bin/../lib/gcc/arm-none-eabi/4.9.3/../../../../arm-none-eabi/lib/armv7e-m/softfp\libstdc++_nano.a(atexit_arm.o)
                0x08004838                __aeabi_atexit
 .text._ZdlPv   0x08004842        0x4 c:/program files (x86)/gnu tools arm embedded/4.9 2015q2/bin/../lib/gcc/arm-none-eabi/4.9.3/../../../../arm-none-eabi/lib/armv7e-m/softfp\libstdc++_nano.a(del_op.o)
                0x08004842                operator delete(void*)
 .text._Znwj    0x08004846       0x22 c:/program files (x86)/gnu tools arm embedded/4.9 2015q2/bin/../lib/gcc/arm-none-eabi/4.9.3/../../../../arm-none-eabi/lib/armv7e-m/softfp\libstdc++_nano.a(new_op.o)
                0x08004846                operator new(unsigned int)
 .text._Znaj    0x08004868        0x4 c:/program files (x86)/gnu tools arm embedded/4.9 2015q2/bin/../lib/gcc/arm-none-eabi/4.9.3/../../../../arm-none-eabi/lib/armv7e-m/softfp\libstdc++_nano.a(new_opv.o)
                0x08004868                operator new[](unsigned int)
 .text._ZSt15get_new_handlerv
                0x0800486c       0x10 c:/program files (x86)/gnu tools arm embedded/4.9 2015q2/bin/../lib/gcc/arm-none-eabi/4.9.3/../../../../arm-none-eabi/lib/armv7e-m/softfp\libstdc++_nano.a(new_handler.o)
                0x0800486c                std::get_new_handler()
 *fill*         0x0800487c        0x4 
 .text.floor    0x08004880      0x110 c:/program files (x86)/gnu tools arm embedded/4.9 2015q2/bin/../lib/gcc/arm-none-eabi/4.9.3/../../../../arm-none-eabi/lib/armv7e-m/softfp\libm.a(lib_a-s_floor.o)
                0x08004880                floor
 .text.sin      0x08004990       0x94 c:/program files (x86)/gnu tools arm embedded/4.9 2015q2/bin/../lib/gcc/arm-none-eabi/4.9.3/../../../../arm-none-eabi/lib/armv7e-m/softfp\libm.a(lib_a-s_sin.o)
                0x08004990                sin
 *fill*         0x08004a24        0x4 
 .text.__ieee754_rem_pio2
                0x08004a28      0x43c c:/program files (x86)/gnu tools arm embedded/4.9 2015q2/bin/../lib/gcc/arm-none-eabi/4.9.3/../../../../arm-none-eabi/lib/armv7e-m/softfp\libm.a(lib_a-e_rem_pio2.o)
                0x08004a28                __ieee754_rem_pio2
 *fill*         0x08004e64        0x4 
 .text.__kernel_cos
                0x08004e68      0x24c c:/program files (x86)/gnu tools arm embedded/4.9 2015q2/bin/../lib/gcc/arm-none-eabi/4.9.3/../../../../arm-none-eabi/lib/armv7e-m/softfp\libm.a(lib_a-k_cos.o)
                0x08004e68                __kernel_cos
 .text.__kernel_rem_pio2
                0x080050b4      0x7d8 c:/program files (x86)/gnu tools arm embedded/4.9 2015q2/bin/../lib/gcc/arm-none-eabi/4.9.3/../../../../arm-none-eabi/lib/armv7e-m/softfp\libm.a(lib_a-k_rem_pio2.o)
                0x080050b4                __kernel_rem_pio2
 *fill*         0x0800588c        0x4 
 .text.__kernel_sin
                0x08005890      0x16c c:/program files (x86)/gnu tools arm embedded/4.9 2015q2/bin/../lib/gcc/arm-none-eabi/4.9.3/../../../../arm-none-eabi/lib/armv7e-m/softfp\libm.a(lib_a-k_sin.o)
                0x08005890                __kernel_sin
 .text.fabs     0x080059fc        0x8 c:/program files (x86)/gnu tools arm embedded/4.9 2015q2/bin/../lib/gcc/arm-none-eabi/4.9.3/../../../../arm-none-eabi/lib/armv7e-m/softfp\libm.a(lib_a-s_fabs.o)
                0x080059fc                fabs
 *fill*         0x08005a04        0x4 
 .text.scalbn   0x08005a08      0x104 c:/program files (x86)/gnu tools arm embedded/4.9 2015q2/bin/../lib/gcc/arm-none-eabi/4.9.3/../../../../arm-none-eabi/lib/armv7e-m/softfp\libm.a(lib_a-s_scalbn.o)
                0x08005a08                scalbn
 .text.copysign
                0x08005b0c       0x10 c:/program files (x86)/gnu tools arm embedded/4.9 2015q2/bin/../lib/gcc/arm-none-eabi/4.9.3/../../../../arm-none-eabi/lib/armv7e-m/softfp\libm.a(lib_a-s_copysign.o)
                0x08005b0c                copysign
 .text          0x08005b1c      0x370 c:/program files (x86)/gnu tools arm embedded/4.9 2015q2/bin/../lib/gcc/arm-none-eabi/4.9.3/armv7e-m/softfp\libgcc.a(_arm_addsubdf3.o)
                0x08005b1c                __aeabi_drsub
                0x08005b24                __aeabi_dsub
                0x08005b24                __subdf3
                0x08005b28                __aeabi_dadd
                0x08005b28                __adddf3
                0x08005da0                __floatunsidf
                0x08005da0                __aeabi_ui2d
                0x08005dc0                __floatsidf
                0x08005dc0                __aeabi_i2d
                0x08005de4                __aeabi_f2d
                0x08005de4                __extendsfdf2
                0x08005e20                __floatundidf
                0x08005e20                __aeabi_ul2d
                0x08005e30                __floatdidf
                0x08005e30                __aeabi_l2d
 .text          0x08005e8c      0x424 c:/program files (x86)/gnu tools arm embedded/4.9 2015q2/bin/../lib/gcc/arm-none-eabi/4.9.3/armv7e-m/softfp\libgcc.a(_arm_muldivdf3.o)
                0x08005e8c                __aeabi_dmul
                0x08005e8c                __muldf3
                0x080060e0                __divdf3
                0x080060e0                __aeabi_ddiv
 .text          0x080062b0      0x110 c:/program files (x86)/gnu tools arm embedded/4.9 2015q2/bin/../lib/gcc/arm-none-eabi/4.9.3/armv7e-m/softfp\libgcc.a(_arm_cmpdf2.o)
                0x080062b0                __gtdf2
                0x080062b0                __gedf2
                0x080062b8                __ltdf2
                0x080062b8                __ledf2
                0x080062c0                __nedf2
                0x080062c0                __eqdf2
                0x080062c0                __cmpdf2
                0x0800633c                __aeabi_cdrcmple
                0x0800634c                __aeabi_cdcmpeq
                0x0800634c                __aeabi_cdcmple
                0x0800635c                __aeabi_dcmpeq
                0x08006370                __aeabi_dcmplt
                0x08006384                __aeabi_dcmple
                0x08006398                __aeabi_dcmpge
                0x080063ac                __aeabi_dcmpgt
 .text          0x080063c0       0x50 c:/program files (x86)/gnu tools arm embedded/4.9 2015q2/bin/../lib/gcc/arm-none-eabi/4.9.3/armv7e-m/softfp\libgcc.a(_arm_fixdfsi.o)
                0x080063c0                __aeabi_d2iz
                0x080063c0                __fixdfsi
 .text          0x08006410       0xa0 c:/program files (x86)/gnu tools arm embedded/4.9 2015q2/bin/../lib/gcc/arm-none-eabi/4.9.3/armv7e-m/softfp\libgcc.a(_arm_truncdfsf2.o)
                0x08006410                __truncdfsf2
                0x08006410                __aeabi_d2f
 .text.abort    0x080064b0        0xe c:/program files (x86)/gnu tools arm embedded/4.9 2015q2/bin/../lib/gcc/arm-none-eabi/4.9.3/../../../../arm-none-eabi/lib/armv7e-m/softfp\libc_nano.a(lib_a-abort.o)
                0x080064b0                abort
 *fill*         0x080064be        0x2 
 .text.__cxa_atexit
                0x080064c0       0x1c c:/program files (x86)/gnu tools arm embedded/4.9 2015q2/bin/../lib/gcc/arm-none-eabi/4.9.3/../../../../arm-none-eabi/lib/armv7e-m/softfp\libc_nano.a(lib_a-cxa_atexit.o)
                0x080064c0                __cxa_atexit
 .text.__errno  0x080064dc        0xc c:/program files (x86)/gnu tools arm embedded/4.9 2015q2/bin/../lib/gcc/arm-none-eabi/4.9.3/../../../../arm-none-eabi/lib/armv7e-m/softfp\libc_nano.a(lib_a-errno.o)
                0x080064dc                __errno
 .text.exit     0x080064e8       0x28 c:/program files (x86)/gnu tools arm embedded/4.9 2015q2/bin/../lib/gcc/arm-none-eabi/4.9.3/../../../../arm-none-eabi/lib/armv7e-m/softfp\libc_nano.a(lib_a-exit.o)
                0x080064e8                exit
 .text._fclose_r
                0x08006510       0xa4 c:/program files (x86)/gnu tools arm embedded/4.9 2015q2/bin/../lib/gcc/arm-none-eabi/4.9.3/../../../../arm-none-eabi/lib/armv7e-m/softfp\libc_nano.a(lib_a-fclose.o)
                0x08006510                _fclose_r
 .text.fclose   0x080065b4       0x10 c:/program files (x86)/gnu tools arm embedded/4.9 2015q2/bin/../lib/gcc/arm-none-eabi/4.9.3/../../../../arm-none-eabi/lib/armv7e-m/softfp\libc_nano.a(lib_a-fclose.o)
                0x080065b4                fclose
 .text.__sflush_r
                0x080065c4      0x108 c:/program files (x86)/gnu tools arm embedded/4.9 2015q2/bin/../lib/gcc/arm-none-eabi/4.9.3/../../../../arm-none-eabi/lib/armv7e-m/softfp\libc_nano.a(lib_a-fflush.o)
                0x080065c4                __sflush_r
 .text._fflush_r
                0x080066cc       0x54 c:/program files (x86)/gnu tools arm embedded/4.9 2015q2/bin/../lib/gcc/arm-none-eabi/4.9.3/../../../../arm-none-eabi/lib/armv7e-m/softfp\libc_nano.a(lib_a-fflush.o)
                0x080066cc                _fflush_r
 .text.fflush   0x08006720       0x24 c:/program files (x86)/gnu tools arm embedded/4.9 2015q2/bin/../lib/gcc/arm-none-eabi/4.9.3/../../../../arm-none-eabi/lib/armv7e-m/softfp\libc_nano.a(lib_a-fflush.o)
                0x08006720                fflush
 .text._fgets_r
                0x08006744       0xc4 c:/program files (x86)/gnu tools arm embedded/4.9 2015q2/bin/../lib/gcc/arm-none-eabi/4.9.3/../../../../arm-none-eabi/lib/armv7e-m/softfp\libc_nano.a(lib_a-fgets.o)
                0x08006744                _fgets_r
 .text.fgets    0x08006808       0x1c c:/program files (x86)/gnu tools arm embedded/4.9 2015q2/bin/../lib/gcc/arm-none-eabi/4.9.3/../../../../arm-none-eabi/lib/armv7e-m/softfp\libc_nano.a(lib_a-fgets.o)
                0x08006808                fgets
 .text._cleanup_r
                0x08006824        0xc c:/program files (x86)/gnu tools arm embedded/4.9 2015q2/bin/../lib/gcc/arm-none-eabi/4.9.3/../../../../arm-none-eabi/lib/armv7e-m/softfp\libc_nano.a(lib_a-findfp.o)
                0x08006824                _cleanup_r
 .text.std.isra.0
                0x08006830       0x48 c:/program files (x86)/gnu tools arm embedded/4.9 2015q2/bin/../lib/gcc/arm-none-eabi/4.9.3/../../../../arm-none-eabi/lib/armv7e-m/softfp\libc_nano.a(lib_a-findfp.o)
 .text.__sfmoreglue
                0x08006878       0x2c c:/program files (x86)/gnu tools arm embedded/4.9 2015q2/bin/../lib/gcc/arm-none-eabi/4.9.3/../../../../arm-none-eabi/lib/armv7e-m/softfp\libc_nano.a(lib_a-findfp.o)
                0x08006878                __sfmoreglue
 .text.__sinit  0x080068a4       0x60 c:/program files (x86)/gnu tools arm embedded/4.9 2015q2/bin/../lib/gcc/arm-none-eabi/4.9.3/../../../../arm-none-eabi/lib/armv7e-m/softfp\libc_nano.a(lib_a-findfp.o)
                0x080068a4                __sinit
 .text.__sfp    0x08006904       0x74 c:/program files (x86)/gnu tools arm embedded/4.9 2015q2/bin/../lib/gcc/arm-none-eabi/4.9.3/../../../../arm-none-eabi/lib/armv7e-m/softfp\libc_nano.a(lib_a-findfp.o)
                0x08006904                __sfp
 .text.__sfp_lock_acquire
                0x08006978        0x2 c:/program files (x86)/gnu tools arm embedded/4.9 2015q2/bin/../lib/gcc/arm-none-eabi/4.9.3/../../../../arm-none-eabi/lib/armv7e-m/softfp\libc_nano.a(lib_a-findfp.o)
                0x08006978                __sfp_lock_acquire
 .text.__sfp_lock_release
                0x0800697a        0x2 c:/program files (x86)/gnu tools arm embedded/4.9 2015q2/bin/../lib/gcc/arm-none-eabi/4.9.3/../../../../arm-none-eabi/lib/armv7e-m/softfp\libc_nano.a(lib_a-findfp.o)
                0x0800697a                __sfp_lock_release
 .text._fopen_r
                0x0800697c       0x80 c:/program files (x86)/gnu tools arm embedded/4.9 2015q2/bin/../lib/gcc/arm-none-eabi/4.9.3/../../../../arm-none-eabi/lib/armv7e-m/softfp\libc_nano.a(lib_a-fopen.o)
                0x0800697c                _fopen_r
 .text.fopen    0x080069fc       0x14 c:/program files (x86)/gnu tools arm embedded/4.9 2015q2/bin/../lib/gcc/arm-none-eabi/4.9.3/../../../../arm-none-eabi/lib/armv7e-m/softfp\libc_nano.a(lib_a-fopen.o)
                0x080069fc                fopen
 .text.fprintf  0x08006a10       0x24 c:/program files (x86)/gnu tools arm embedded/4.9 2015q2/bin/../lib/gcc/arm-none-eabi/4.9.3/../../../../arm-none-eabi/lib/armv7e-m/softfp\libc_nano.a(lib_a-fprintf.o)
                0x08006a10                fiprintf
                0x08006a10                fprintf
 .text._fseek_r
                0x08006a34        0x4 c:/program files (x86)/gnu tools arm embedded/4.9 2015q2/bin/../lib/gcc/arm-none-eabi/4.9.3/../../../../arm-none-eabi/lib/armv7e-m/softfp\libc_nano.a(lib_a-fseek.o)
                0x08006a34                _fseek_r
 .text._fseeko_r
                0x08006a38      0x118 c:/program files (x86)/gnu tools arm embedded/4.9 2015q2/bin/../lib/gcc/arm-none-eabi/4.9.3/../../../../arm-none-eabi/lib/armv7e-m/softfp\libc_nano.a(lib_a-fseeko.o)
                0x08006a38                _fseeko_r
 .text._fwalk   0x08006b50       0x38 c:/program files (x86)/gnu tools arm embedded/4.9 2015q2/bin/../lib/gcc/arm-none-eabi/4.9.3/../../../../arm-none-eabi/lib/armv7e-m/softfp\libc_nano.a(lib_a-fwalk.o)
                0x08006b50                _fwalk
 .text._fwalk_reent
                0x08006b88       0x3c c:/program files (x86)/gnu tools arm embedded/4.9 2015q2/bin/../lib/gcc/arm-none-eabi/4.9.3/../../../../arm-none-eabi/lib/armv7e-m/softfp\libc_nano.a(lib_a-fwalk.o)
                0x08006b88                _fwalk_reent
 .text.__libc_init_array
                0x08006bc4       0x4c c:/program files (x86)/gnu tools arm embedded/4.9 2015q2/bin/../lib/gcc/arm-none-eabi/4.9.3/../../../../arm-none-eabi/lib/armv7e-m/softfp\libc_nano.a(lib_a-init.o)
                0x08006bc4                __libc_init_array
 .text.__itoa   0x08006c10       0x2e c:/program files (x86)/gnu tools arm embedded/4.9 2015q2/bin/../lib/gcc/arm-none-eabi/4.9.3/../../../../arm-none-eabi/lib/armv7e-m/softfp\libc_nano.a(lib_a-itoa.o)
                0x08006c10                __itoa
 .text.itoa     0x08006c3e        0x4 c:/program files (x86)/gnu tools arm embedded/4.9 2015q2/bin/../lib/gcc/arm-none-eabi/4.9.3/../../../../arm-none-eabi/lib/armv7e-m/softfp\libc_nano.a(lib_a-itoa.o)
                0x08006c3e                itoa
 *fill*         0x08006c42        0x2 
 .text.__smakebuf_r
                0x08006c44       0x9c c:/program files (x86)/gnu tools arm embedded/4.9 2015q2/bin/../lib/gcc/arm-none-eabi/4.9.3/../../../../arm-none-eabi/lib/armv7e-m/softfp\libc_nano.a(lib_a-makebuf.o)
                0x08006c44                __smakebuf_r
 .text.malloc   0x08006ce0       0x10 c:/program files (x86)/gnu tools arm embedded/4.9 2015q2/bin/../lib/gcc/arm-none-eabi/4.9.3/../../../../arm-none-eabi/lib/armv7e-m/softfp\libc_nano.a(lib_a-malloc.o)
                0x08006ce0                malloc
 .text.free     0x08006cf0       0x10 c:/program files (x86)/gnu tools arm embedded/4.9 2015q2/bin/../lib/gcc/arm-none-eabi/4.9.3/../../../../arm-none-eabi/lib/armv7e-m/softfp\libc_nano.a(lib_a-malloc.o)
                0x08006cf0                free
 .text.memchr   0x08006d00       0x1e c:/program files (x86)/gnu tools arm embedded/4.9 2015q2/bin/../lib/gcc/arm-none-eabi/4.9.3/../../../../arm-none-eabi/lib/armv7e-m/softfp\libc_nano.a(lib_a-memchr.o)
                0x08006d00                memchr
 .text.memcpy   0x08006d1e       0x16 c:/program files (x86)/gnu tools arm embedded/4.9 2015q2/bin/../lib/gcc/arm-none-eabi/4.9.3/../../../../arm-none-eabi/lib/armv7e-m/softfp\libc_nano.a(lib_a-memcpy.o)
                0x08006d1e                memcpy
 .text.memset   0x08006d34       0x10 c:/program files (x86)/gnu tools arm embedded/4.9 2015q2/bin/../lib/gcc/arm-none-eabi/4.9.3/../../../../arm-none-eabi/lib/armv7e-m/softfp\libc_nano.a(lib_a-memset.o)
                0x08006d34                memset
 .text._free_r  0x08006d44       0x88 c:/program files (x86)/gnu tools arm embedded/4.9 2015q2/bin/../lib/gcc/arm-none-eabi/4.9.3/../../../../arm-none-eabi/lib/armv7e-m/softfp\libc_nano.a(lib_a-nano-freer.o)
                0x08006d44                _free_r
 .text._malloc_r
                0x08006dcc       0xac c:/program files (x86)/gnu tools arm embedded/4.9 2015q2/bin/../lib/gcc/arm-none-eabi/4.9.3/../../../../arm-none-eabi/lib/armv7e-m/softfp\libc_nano.a(lib_a-nano-mallocr.o)
                0x08006dcc                _malloc_r
 .text.__sfputc_r
                0x08006e78       0x2c c:/program files (x86)/gnu tools arm embedded/4.9 2015q2/bin/../lib/gcc/arm-none-eabi/4.9.3/../../../../arm-none-eabi/lib/armv7e-m/softfp\libc_nano.a(lib_a-nano-vfprintf.o)
 .text.__sfputs_r
                0x08006ea4       0x24 c:/program files (x86)/gnu tools arm embedded/4.9 2015q2/bin/../lib/gcc/arm-none-eabi/4.9.3/../../../../arm-none-eabi/lib/armv7e-m/softfp\libc_nano.a(lib_a-nano-vfprintf.o)
                0x08006ea4                __sfputs_r
 .text._vfprintf_r
                0x08006ec8      0x210 c:/program files (x86)/gnu tools arm embedded/4.9 2015q2/bin/../lib/gcc/arm-none-eabi/4.9.3/../../../../arm-none-eabi/lib/armv7e-m/softfp\libc_nano.a(lib_a-nano-vfprintf.o)
                0x08006ec8                _vfprintf_r
                0x08006ec8                _vfiprintf_r
 .text.vfprintf
                0x080070d8       0x1c c:/program files (x86)/gnu tools arm embedded/4.9 2015q2/bin/../lib/gcc/arm-none-eabi/4.9.3/../../../../arm-none-eabi/lib/armv7e-m/softfp\libc_nano.a(lib_a-nano-vfprintf.o)
                0x080070d8                vfprintf
                0x080070d8                vfiprintf
 .text._printf_common
                0x080070f4       0xea c:/program files (x86)/gnu tools arm embedded/4.9 2015q2/bin/../lib/gcc/arm-none-eabi/4.9.3/../../../../arm-none-eabi/lib/armv7e-m/softfp\libc_nano.a(lib_a-nano-vfprintf_i.o)
                0x080070f4                _printf_common
 *fill*         0x080071de        0x2 
 .text._printf_i
                0x080071e0      0x240 c:/program files (x86)/gnu tools arm embedded/4.9 2015q2/bin/../lib/gcc/arm-none-eabi/4.9.3/../../../../arm-none-eabi/lib/armv7e-m/softfp\libc_nano.a(lib_a-nano-vfprintf_i.o)
                0x080071e0                _printf_i
 .text._scanf_chars
                0x08007420       0xc0 c:/program files (x86)/gnu tools arm embedded/4.9 2015q2/bin/../lib/gcc/arm-none-eabi/4.9.3/../../../../arm-none-eabi/lib/armv7e-m/softfp\libc_nano.a(lib_a-nano-vfscanf_i.o)
                0x08007420                _scanf_chars
 .text._scanf_i
                0x080074e0      0x1e4 c:/program files (x86)/gnu tools arm embedded/4.9 2015q2/bin/../lib/gcc/arm-none-eabi/4.9.3/../../../../arm-none-eabi/lib/armv7e-m/softfp\libc_nano.a(lib_a-nano-vfscanf_i.o)
                0x080074e0                _scanf_i
 .text._open_r  0x080076c4       0x24 c:/program files (x86)/gnu tools arm embedded/4.9 2015q2/bin/../lib/gcc/arm-none-eabi/4.9.3/../../../../arm-none-eabi/lib/armv7e-m/softfp\libc_nano.a(lib_a-openr.o)
                0x080076c4                _open_r
 .text.lflush   0x080076e8       0x12 c:/program files (x86)/gnu tools arm embedded/4.9 2015q2/bin/../lib/gcc/arm-none-eabi/4.9.3/../../../../arm-none-eabi/lib/armv7e-m/softfp\libc_nano.a(lib_a-refill.o)
 *fill*         0x080076fa        0x2 
 .text.__srefill_r
                0x080076fc      0x10c c:/program files (x86)/gnu tools arm embedded/4.9 2015q2/bin/../lib/gcc/arm-none-eabi/4.9.3/../../../../arm-none-eabi/lib/armv7e-m/softfp\libc_nano.a(lib_a-refill.o)
                0x080076fc                __srefill_r
 .text._sbrk_r  0x08007808       0x20 c:/program files (x86)/gnu tools arm embedded/4.9 2015q2/bin/../lib/gcc/arm-none-eabi/4.9.3/../../../../arm-none-eabi/lib/armv7e-m/softfp\libc_nano.a(lib_a-sbrkr.o)
                0x08007808                _sbrk_r
 .text.__sccl   0x08007828       0x64 c:/program files (x86)/gnu tools arm embedded/4.9 2015q2/bin/../lib/gcc/arm-none-eabi/4.9.3/../../../../arm-none-eabi/lib/armv7e-m/softfp\libc_nano.a(lib_a-sccl.o)
                0x08007828                __sccl
 .text.setbuf   0x0800788c       0x10 c:/program files (x86)/gnu tools arm embedded/4.9 2015q2/bin/../lib/gcc/arm-none-eabi/4.9.3/../../../../arm-none-eabi/lib/armv7e-m/softfp\libc_nano.a(lib_a-setbuf.o)
                0x0800788c                setbuf
 .text.setvbuf  0x0800789c      0x110 c:/program files (x86)/gnu tools arm embedded/4.9 2015q2/bin/../lib/gcc/arm-none-eabi/4.9.3/../../../../arm-none-eabi/lib/armv7e-m/softfp\libc_nano.a(lib_a-setvbuf.o)
                0x0800789c                setvbuf
 .text._raise_r
                0x080079ac       0x50 c:/program files (x86)/gnu tools arm embedded/4.9 2015q2/bin/../lib/gcc/arm-none-eabi/4.9.3/../../../../arm-none-eabi/lib/armv7e-m/softfp\libc_nano.a(lib_a-signal.o)
                0x080079ac                _raise_r
 .text.raise    0x080079fc       0x10 c:/program files (x86)/gnu tools arm embedded/4.9 2015q2/bin/../lib/gcc/arm-none-eabi/4.9.3/../../../../arm-none-eabi/lib/armv7e-m/softfp\libc_nano.a(lib_a-signal.o)
                0x080079fc                raise
 .text._kill_r  0x08007a0c       0x24 c:/program files (x86)/gnu tools arm embedded/4.9 2015q2/bin/../lib/gcc/arm-none-eabi/4.9.3/../../../../arm-none-eabi/lib/armv7e-m/softfp\libc_nano.a(lib_a-signalr.o)
                0x08007a0c                _kill_r
 .text._getpid_r
                0x08007a30        0x4 c:/program files (x86)/gnu tools arm embedded/4.9 2015q2/bin/../lib/gcc/arm-none-eabi/4.9.3/../../../../arm-none-eabi/lib/armv7e-m/softfp\libc_nano.a(lib_a-signalr.o)
                0x08007a30                _getpid_r
 .text.sprintf  0x08007a34       0x48 c:/program files (x86)/gnu tools arm embedded/4.9 2015q2/bin/../lib/gcc/arm-none-eabi/4.9.3/../../../../arm-none-eabi/lib/armv7e-m/softfp\libc_nano.a(lib_a-sprintf.o)
                0x08007a34                siprintf
                0x08007a34                sprintf
 .text.sscanf   0x08007a7c       0x54 c:/program files (x86)/gnu tools arm embedded/4.9 2015q2/bin/../lib/gcc/arm-none-eabi/4.9.3/../../../../arm-none-eabi/lib/armv7e-m/softfp\libc_nano.a(lib_a-sscanf.o)
                0x08007a7c                siscanf
                0x08007a7c                sscanf
 .text.__sread  0x08007ad0       0x22 c:/program files (x86)/gnu tools arm embedded/4.9 2015q2/bin/../lib/gcc/arm-none-eabi/4.9.3/../../../../arm-none-eabi/lib/armv7e-m/softfp\libc_nano.a(lib_a-stdio.o)
                0x08007ad0                __sread
 .text.__seofread